Archive member included to satisfy reference by file (symbol)

i:/st/stm32cubeide_1.12.1/stm32cubeide/plugins/com.st.stm32cube.ide.mcu.externaltools.gnu-tools-for-stm32.10.3-2021.10.win32_1.0.200.202301161003/tools/bin/../lib/gcc/arm-none-eabi/10.3.1/../../../../arm-none-eabi/lib/thumb/v7-m/nofp\libc_nano.a(lib_a-calloc.o)
                              ./Core/Src/freertos.o (calloc)
i:/st/stm32cubeide_1.12.1/stm32cubeide/plugins/com.st.stm32cube.ide.mcu.externaltools.gnu-tools-for-stm32.10.3-2021.10.win32_1.0.200.202301161003/tools/bin/../lib/gcc/arm-none-eabi/10.3.1/../../../../arm-none-eabi/lib/thumb/v7-m/nofp\libc_nano.a(lib_a-errno.o)
                              ./Core/Src/syscalls.o (__errno)
i:/st/stm32cubeide_1.12.1/stm32cubeide/plugins/com.st.stm32cube.ide.mcu.externaltools.gnu-tools-for-stm32.10.3-2021.10.win32_1.0.200.202301161003/tools/bin/../lib/gcc/arm-none-eabi/10.3.1/../../../../arm-none-eabi/lib/thumb/v7-m/nofp\libc_nano.a(lib_a-exit.o)
                              i:/st/stm32cubeide_1.12.1/stm32cubeide/plugins/com.st.stm32cube.ide.mcu.externaltools.gnu-tools-for-stm32.10.3-2021.10.win32_1.0.200.202301161003/tools/bin/../lib/gcc/arm-none-eabi/10.3.1/../../../../arm-none-eabi/lib/thumb/v7-m/nofp/crt0.o (exit)
i:/st/stm32cubeide_1.12.1/stm32cubeide/plugins/com.st.stm32cube.ide.mcu.externaltools.gnu-tools-for-stm32.10.3-2021.10.win32_1.0.200.202301161003/tools/bin/../lib/gcc/arm-none-eabi/10.3.1/../../../../arm-none-eabi/lib/thumb/v7-m/nofp\libc_nano.a(lib_a-impure.o)
                              i:/st/stm32cubeide_1.12.1/stm32cubeide/plugins/com.st.stm32cube.ide.mcu.externaltools.gnu-tools-for-stm32.10.3-2021.10.win32_1.0.200.202301161003/tools/bin/../lib/gcc/arm-none-eabi/10.3.1/../../../../arm-none-eabi/lib/thumb/v7-m/nofp\libc_nano.a(lib_a-exit.o) (_global_impure_ptr)
i:/st/stm32cubeide_1.12.1/stm32cubeide/plugins/com.st.stm32cube.ide.mcu.externaltools.gnu-tools-for-stm32.10.3-2021.10.win32_1.0.200.202301161003/tools/bin/../lib/gcc/arm-none-eabi/10.3.1/../../../../arm-none-eabi/lib/thumb/v7-m/nofp\libc_nano.a(lib_a-init.o)
                              i:/st/stm32cubeide_1.12.1/stm32cubeide/plugins/com.st.stm32cube.ide.mcu.externaltools.gnu-tools-for-stm32.10.3-2021.10.win32_1.0.200.202301161003/tools/bin/../lib/gcc/arm-none-eabi/10.3.1/../../../../arm-none-eabi/lib/thumb/v7-m/nofp/crt0.o (__libc_init_array)
i:/st/stm32cubeide_1.12.1/stm32cubeide/plugins/com.st.stm32cube.ide.mcu.externaltools.gnu-tools-for-stm32.10.3-2021.10.win32_1.0.200.202301161003/tools/bin/../lib/gcc/arm-none-eabi/10.3.1/../../../../arm-none-eabi/lib/thumb/v7-m/nofp\libc_nano.a(lib_a-malloc.o)
                              ./Core/Src/freertos.o (free)
i:/st/stm32cubeide_1.12.1/stm32cubeide/plugins/com.st.stm32cube.ide.mcu.externaltools.gnu-tools-for-stm32.10.3-2021.10.win32_1.0.200.202301161003/tools/bin/../lib/gcc/arm-none-eabi/10.3.1/../../../../arm-none-eabi/lib/thumb/v7-m/nofp\libc_nano.a(lib_a-memcpy-stub.o)
                              ./Middlewares/Third_Party/FreeRTOS/Source/queue.o (memcpy)
i:/st/stm32cubeide_1.12.1/stm32cubeide/plugins/com.st.stm32cube.ide.mcu.externaltools.gnu-tools-for-stm32.10.3-2021.10.win32_1.0.200.202301161003/tools/bin/../lib/gcc/arm-none-eabi/10.3.1/../../../../arm-none-eabi/lib/thumb/v7-m/nofp\libc_nano.a(lib_a-memset.o)
                              i:/st/stm32cubeide_1.12.1/stm32cubeide/plugins/com.st.stm32cube.ide.mcu.externaltools.gnu-tools-for-stm32.10.3-2021.10.win32_1.0.200.202301161003/tools/bin/../lib/gcc/arm-none-eabi/10.3.1/../../../../arm-none-eabi/lib/thumb/v7-m/nofp/crt0.o (memset)
i:/st/stm32cubeide_1.12.1/stm32cubeide/plugins/com.st.stm32cube.ide.mcu.externaltools.gnu-tools-for-stm32.10.3-2021.10.win32_1.0.200.202301161003/tools/bin/../lib/gcc/arm-none-eabi/10.3.1/../../../../arm-none-eabi/lib/thumb/v7-m/nofp\libc_nano.a(lib_a-nano-callocr.o)
                              i:/st/stm32cubeide_1.12.1/stm32cubeide/plugins/com.st.stm32cube.ide.mcu.externaltools.gnu-tools-for-stm32.10.3-2021.10.win32_1.0.200.202301161003/tools/bin/../lib/gcc/arm-none-eabi/10.3.1/../../../../arm-none-eabi/lib/thumb/v7-m/nofp\libc_nano.a(lib_a-calloc.o) (_calloc_r)
i:/st/stm32cubeide_1.12.1/stm32cubeide/plugins/com.st.stm32cube.ide.mcu.externaltools.gnu-tools-for-stm32.10.3-2021.10.win32_1.0.200.202301161003/tools/bin/../lib/gcc/arm-none-eabi/10.3.1/../../../../arm-none-eabi/lib/thumb/v7-m/nofp\libc_nano.a(lib_a-nano-freer.o)
                              i:/st/stm32cubeide_1.12.1/stm32cubeide/plugins/com.st.stm32cube.ide.mcu.externaltools.gnu-tools-for-stm32.10.3-2021.10.win32_1.0.200.202301161003/tools/bin/../lib/gcc/arm-none-eabi/10.3.1/../../../../arm-none-eabi/lib/thumb/v7-m/nofp\libc_nano.a(lib_a-malloc.o) (_free_r)
[...]
Memory Configuration

Name             Origin             Length             Attributes
RAM              0x0000000020000000 0x0000000000005000 xrw
FLASH            0x0000000008000000 0x0000000000010000 xr
*default*        0x0000000000000000 0xffffffffffffffff

Linker script and memory map

LOAD i:/st/stm32cubeide_1.12.1/stm32cubeide/plugins/com.st.stm32cube.ide.mcu.externaltools.gnu-tools-for-stm32.10.3-2021.10.win32_1.0.200.202301161003/tools/bin/../lib/gcc/arm-none-eabi/10.3.1/thumb/v7-m/nofp/crti.o
LOAD i:/st/stm32cubeide_1.12.1/stm32cubeide/plugins/com.st.stm32cube.ide.mcu.externaltools.gnu-tools-for-stm32.10.3-2021.10.win32_1.0.200.202301161003/tools/bin/../lib/gcc/arm-none-eabi/10.3.1/thumb/v7-m/nofp/crtbegin.o
LOAD i:/st/stm32cubeide_1.12.1/stm32cubeide/plugins/com.st.stm32cube.ide.mcu.externaltools.gnu-tools-for-stm32.10.3-2021.10.win32_1.0.200.202301161003/tools/bin/../lib/gcc/arm-none-eabi/10.3.1/../../../../arm-none-eabi/lib/thumb/v7-m/nofp/crt0.o
LOAD ./Core/Src/cr4_fft_1024_stm32.o
LOAD ./Core/Src/cr4_fft_256_stm32.o
LOAD ./Core/Src/fonts.o
LOAD ./Core/Src/freertos.o
LOAD ./Core/Src/gpio.o
LOAD ./Core/Src/i2c.o
LOAD ./Core/Src/main.o
LOAD ./Core/Src/ssd1306.o
LOAD ./Core/Src/stm32f1xx_hal_msp.o
LOAD ./Core/Src/stm32f1xx_hal_timebase_tim.o
LOAD ./Core/Src/stm32f1xx_it.o
LOAD ./Core/Src/syscalls.o
LOAD ./Core/Src/sysmem.o
LOAD ./Core/Src/system_stm32f1xx.o
LOAD ./Core/Src/usart.o
LOAD ./Core/Startup/startup_stm32f103c8tx.o
LOAD ./Drivers/STM32F1xx_HAL_Driver/Src/stm32f1xx_hal.o
LOAD ./Drivers/STM32F1xx_HAL_Driver/Src/stm32f1xx_hal_cortex.o
LOAD ./Drivers/STM32F1xx_HAL_Driver/Src/stm32f1xx_hal_dma.o
LOAD ./Drivers/STM32F1xx_HAL_Driver/Src/stm32f1xx_hal_exti.o
LOAD ./Drivers/STM32F1xx_HAL_Driver/Src/stm32f1xx_hal_flash.o
LOAD ./Drivers/STM32F1xx_HAL_Driver/Src/stm32f1xx_hal_flash_ex.o
LOAD ./Drivers/STM32F1xx_HAL_Driver/Src/stm32f1xx_hal_gpio.o
LOAD ./Drivers/STM32F1xx_HAL_Driver/Src/stm32f1xx_hal_gpio_ex.o
LOAD ./Drivers/STM32F1xx_HAL_Driver/Src/stm32f1xx_hal_i2c.o
LOAD ./Drivers/STM32F1xx_HAL_Driver/Src/stm32f1xx_hal_pwr.o
LOAD ./Drivers/STM32F1xx_HAL_Driver/Src/stm32f1xx_hal_rcc.o
LOAD ./Drivers/STM32F1xx_HAL_Driver/Src/stm32f1xx_hal_rcc_ex.o
LOAD ./Drivers/STM32F1xx_HAL_Driver/Src/stm32f1xx_hal_tim.o
LOAD ./Drivers/STM32F1xx_HAL_Driver/Src/stm32f1xx_hal_tim_ex.o
LOAD ./Drivers/STM32F1xx_HAL_Driver/Src/stm32f1xx_hal_uart.o
LOAD ./Middlewares/Third_Party/FreeRTOS/Source/CMSIS_RTOS/cmsis_os.o
LOAD ./Middlewares/Third_Party/FreeRTOS/Source/croutine.o
LOAD ./Middlewares/Third_Party/FreeRTOS/Source/event_groups.o
LOAD ./Middlewares/Third_Party/FreeRTOS/Source/list.o
LOAD ./Middlewares/Third_Party/FreeRTOS/Source/queue.o
LOAD ./Middlewares/Third_Party/FreeRTOS/Source/stream_buffer.o
LOAD ./Middlewares/Third_Party/FreeRTOS/Source/tasks.o
LOAD ./Middlewares/Third_Party/FreeRTOS/Source/timers.o
LOAD ./Middlewares/Third_Party/FreeRTOS/Source/portable/GCC/ARM_CM3/port.o
LOAD ./Middlewares/Third_Party/FreeRTOS/Source/portable/MemMang/heap_4.o
START GROUP
LOAD i:/st/stm32cubeide_1.12.1/stm32cubeide/plugins/com.st.stm32cube.ide.mcu.externaltools.gnu-tools-for-stm32.10.3-2021.10.win32_1.0.200.202301161003/tools/bin/../lib/gcc/arm-none-eabi/10.3.1/../../../../arm-none-eabi/lib/thumb/v7-m/nofp\libc_nano.a
LOAD i:/st/stm32cubeide_1.12.1/stm32cubeide/plugins/com.st.stm32cube.ide.mcu.externaltools.gnu-tools-for-stm32.10.3-2021.10.win32_1.0.200.202301161003/tools/bin/../lib/gcc/arm-none-eabi/10.3.1/../../../../arm-none-eabi/lib/thumb/v7-m/nofp\libm.a
END GROUP
START GROUP
LOAD i:/st/stm32cubeide_1.12.1/stm32cubeide/plugins/com.st.stm32cube.ide.mcu.externaltools.gnu-tools-for-stm32.10.3-2021.10.win32_1.0.200.202301161003/tools/bin/../lib/gcc/arm-none-eabi/10.3.1/thumb/v7-m/nofp\libgcc.a
LOAD i:/st/stm32cubeide_1.12.1/stm32cubeide/plugins/com.st.stm32cube.ide.mcu.externaltools.gnu-tools-for-stm32.10.3-2021.10.win32_1.0.200.202301161003/tools/bin/../lib/gcc/arm-none-eabi/10.3.1/../../../../arm-none-eabi/lib/thumb/v7-m/nofp\libc_nano.a
END GROUP
START GROUP
LOAD i:/st/stm32cubeide_1.12.1/stm32cubeide/plugins/com.st.stm32cube.ide.mcu.externaltools.gnu-tools-for-stm32.10.3-2021.10.win32_1.0.200.202301161003/tools/bin/../lib/gcc/arm-none-eabi/10.3.1/thumb/v7-m/nofp\libgcc.a
LOAD i:/st/stm32cubeide_1.12.1/stm32cubeide/plugins/com.st.stm32cube.ide.mcu.externaltools.gnu-tools-for-stm32.10.3-2021.10.win32_1.0.200.202301161003/tools/bin/../lib/gcc/arm-none-eabi/10.3.1/../../../../arm-none-eabi/lib/thumb/v7-m/nofp\libc_nano.a
LOAD i:/st/stm32cubeide_1.12.1/stm32cubeide/plugins/com.st.stm32cube.ide.mcu.externaltools.gnu-tools-for-stm32.10.3-2021.10.win32_1.0.200.202301161003/tools/bin/../lib/gcc/arm-none-eabi/10.3.1/../../../../arm-none-eabi/lib/thumb/v7-m/nofp\libnosys.a
END GROUP
START GROUP
LOAD i:/st/stm32cubeide_1.12.1/stm32cubeide/plugins/com.st.stm32cube.ide.mcu.externaltools.gnu-tools-for-stm32.10.3-2021.10.win32_1.0.200.202301161003/tools/bin/../lib/gcc/arm-none-eabi/10.3.1/thumb/v7-m/nofp\libgcc.a
LOAD i:/st/stm32cubeide_1.12.1/stm32cubeide/plugins/com.st.stm32cube.ide.mcu.externaltools.gnu-tools-for-stm32.10.3-2021.10.win32_1.0.200.202301161003/tools/bin/../lib/gcc/arm-none-eabi/10.3.1/../../../../arm-none-eabi/lib/thumb/v7-m/nofp\libc_nano.a
LOAD i:/st/stm32cubeide_1.12.1/stm32cubeide/plugins/com.st.stm32cube.ide.mcu.externaltools.gnu-tools-for-stm32.10.3-2021.10.win32_1.0.200.202301161003/tools/bin/../lib/gcc/arm-none-eabi/10.3.1/../../../../arm-none-eabi/lib/thumb/v7-m/nofp\libnosys.a
END GROUP
LOAD i:/st/stm32cubeide_1.12.1/stm32cubeide/plugins/com.st.stm32cube.ide.mcu.externaltools.gnu-tools-for-stm32.10.3-2021.10.win32_1.0.200.202301161003/tools/bin/../lib/gcc/arm-none-eabi/10.3.1/thumb/v7-m/nofp/crtend.o
LOAD i:/st/stm32cubeide_1.12.1/stm32cubeide/plugins/com.st.stm32cube.ide.mcu.externaltools.gnu-tools-for-stm32.10.3-2021.10.win32_1.0.200.202301161003/tools/bin/../lib/gcc/arm-none-eabi/10.3.1/thumb/v7-m/nofp/crtn.o
                0x0000000020005000                _estack = (ORIGIN (RAM) + LENGTH (RAM))
                0x0000000000000200                _Min_Heap_Size = 0x200
                0x0000000000000400                _Min_Stack_Size = 0x400

.isr_vector     0x0000000008000000      0x10c
                0x0000000008000000                . = ALIGN (0x4)
 *(.isr_vector)
 .isr_vector    0x0000000008000000      0x10c ./Core/Startup/startup_stm32f103c8tx.o
                0x0000000008000000                g_pfnVectors
                0x000000000800010c                . = ALIGN (0x4)

.text           0x0000000008000110     0xab10
                0x0000000008000110                . = ALIGN (0x4)
 *(.text)
 .text          0x0000000008000110       0x40 i:/st/stm32cubeide_1.12.1/stm32cubeide/plugins/com.st.stm32cube.ide.mcu.externaltools.gnu-tools-for-stm32.10.3-2021.10.win32_1.0.200.202301161003/tools/bin/../lib/gcc/arm-none-eabi/10.3.1/thumb/v7-m/nofp/crtbegin.o
 .text          0x0000000008000150      0x5da ./Core/Src/cr4_fft_256_stm32.o
                0x0000000008000150                cr4_fft_256_stm32
 .text          0x000000000800072a       0x10 i:/st/stm32cubeide_1.12.1/stm32cubeide/plugins/com.st.stm32cube.ide.mcu.externaltools.gnu-tools-for-stm32.10.3-2021.10.win32_1.0.200.202301161003/tools/bin/../lib/gcc/arm-none-eabi/10.3.1/../../../../arm-none-eabi/lib/thumb/v7-m/nofp\libc_nano.a(lib_a-strlen.o)
                0x000000000800072a                strlen
 *fill*         0x000000000800073a        0x2 
 .text          0x000000000800073c      0x378 i:/st/stm32cubeide_1.12.1/stm32cubeide/plugins/com.st.stm32cube.ide.mcu.externaltools.gnu-tools-for-stm32.10.3-2021.10.win32_1.0.200.202301161003/tools/bin/../lib/gcc/arm-none-eabi/10.3.1/thumb/v7-m/nofp\libgcc.a(_arm_addsubdf3.o)
                0x000000000800073c                __aeabi_drsub
                0x0000000008000744                __aeabi_dsub
                0x0000000008000744                __subdf3
                0x0000000008000748                __aeabi_dadd
                0x0000000008000748                __adddf3
                0x00000000080009c0                __floatunsidf
                0x00000000080009c0                __aeabi_ui2d
                0x00000000080009e0                __floatsidf
                0x00000000080009e0                __aeabi_i2d
                0x0000000008000a04                __aeabi_f2d
                0x0000000008000a04                __extendsfdf2
                0x0000000008000a48                __floatundidf
                0x0000000008000a48                __aeabi_ul2d
                0x0000000008000a58                __floatdidf
                0x0000000008000a58                __aeabi_l2d
 .text          0x0000000008000ab4      0x424 i:/st/stm32cubeide_1.12.1/stm32cubeide/plugins/com.st.stm32cube.ide.mcu.externaltools.gnu-tools-for-stm32.10.3-2021.10.win32_1.0.200.202301161003/tools/bin/../lib/gcc/arm-none-eabi/10.3.1/thumb/v7-m/nofp\libgcc.a(_arm_muldivdf3.o)
                0x0000000008000ab4                __aeabi_dmul
                0x0000000008000ab4                __muldf3
                0x0000000008000d08                __divdf3
                0x0000000008000d08                __aeabi_ddiv
 .text          0x0000000008000ed8      0x110 i:/st/stm32cubeide_1.12.1/stm32cubeide/plugins/com.st.stm32cube.ide.mcu.externaltools.gnu-tools-for-stm32.10.3-2021.10.win32_1.0.200.202301161003/tools/bin/../lib/gcc/arm-none-eabi/10.3.1/thumb/v7-m/nofp\libgcc.a(_arm_cmpdf2.o)
                0x0000000008000ed8                __gtdf2
                0x0000000008000ed8                __gedf2
                0x0000000008000ee0                __ltdf2
                0x0000000008000ee0                __ledf2
                0x0000000008000ee8                __nedf2
                0x0000000008000ee8                __eqdf2
                0x0000000008000ee8                __cmpdf2
                0x0000000008000f64                __aeabi_cdrcmple
                0x0000000008000f74                __aeabi_cdcmpeq
                0x0000000008000f74                __aeabi_cdcmple
                0x0000000008000f84                __aeabi_dcmpeq
                0x0000000008000f98                __aeabi_dcmplt
                0x0000000008000fac                __aeabi_dcmple
                0x0000000008000fc0                __aeabi_dcmpge
                0x0000000008000fd4                __aeabi_dcmpgt
 .text          0x0000000008000fe8       0x2c i:/st/stm32cubeide_1.12.1/stm32cubeide/plugins/com.st.stm32cube.ide.mcu.externaltools.gnu-tools-for-stm32.10.3-2021.10.win32_1.0.200.202301161003/tools/bin/../lib/gcc/arm-none-eabi/10.3.1/thumb/v7-m/nofp\libgcc.a(_arm_unorddf2.o)
                0x0000000008000fe8                __unorddf2
                0x0000000008000fe8                __aeabi_dcmpun
 .text          0x0000000008001014       0x50 i:/st/stm32cubeide_1.12.1/stm32cubeide/plugins/com.st.stm32cube.ide.mcu.externaltools.gnu-tools-for-stm32.10.3-2021.10.win32_1.0.200.202301161003/tools/bin/../lib/gcc/arm-none-eabi/10.3.1/thumb/v7-m/nofp\libgcc.a(_arm_fixdfsi.o)
                0x0000000008001014                __aeabi_d2iz
                0x0000000008001014                __fixdfsi
 .text          0x0000000008001064       0x40 i:/st/stm32cubeide_1.12.1/stm32cubeide/plugins/com.st.stm32cube.ide.mcu.externaltools.gnu-tools-for-stm32.10.3-2021.10.win32_1.0.200.202301161003/tools/bin/../lib/gcc/arm-none-eabi/10.3.1/thumb/v7-m/nofp\libgcc.a(_arm_fixunsdfsi.o)
                0x0000000008001064                __aeabi_d2uiz
                0x0000000008001064                __fixunsdfsi
 .text          0x00000000080010a4       0xa0 i:/st/stm32cubeide_1.12.1/stm32cubeide/plugins/com.st.stm32cube.ide.mcu.externaltools.gnu-tools-for-stm32.10.3-2021.10.win32_1.0.200.202301161003/tools/bin/../lib/gcc/arm-none-eabi/10.3.1/thumb/v7-m/nofp\libgcc.a(_arm_truncdfsf2.o)
                0x00000000080010a4                __truncdfsf2
                0x00000000080010a4                __aeabi_d2f
 .text          0x0000000008001144      0x21c i:/st/stm32cubeide_1.12.1/stm32cubeide/plugins/com.st.stm32cube.ide.mcu.externaltools.gnu-tools-for-stm32.10.3-2021.10.win32_1.0.200.202301161003/tools/bin/../lib/gcc/arm-none-eabi/10.3.1/thumb/v7-m/nofp\libgcc.a(_arm_addsubsf3.o)
                0x0000000008001144                __aeabi_frsub
                0x000000000800114c                __subsf3
                0x000000000800114c                __aeabi_fsub
                0x0000000008001150                __aeabi_fadd
                0x0000000008001150                __addsf3
                0x00000000080012b0                __aeabi_ui2f
                0x00000000080012b0                __floatunsisf
                0x00000000080012b8                __aeabi_i2f
                0x00000000080012b8                __floatsisf
                0x00000000080012d4                __aeabi_ul2f
                0x00000000080012d4                __floatundisf
                0x00000000080012e4                __aeabi_l2f
                0x00000000080012e4                __floatdisf
 .text          0x0000000008001360      0x2a0 i:/st/stm32cubeide_1.12.1/stm32cubeide/plugins/com.st.stm32cube.ide.mcu.externaltools.gnu-tools-for-stm32.10.3-2021.10.win32_1.0.200.202301161003/tools/bin/../lib/gcc/arm-none-eabi/10.3.1/thumb/v7-m/nofp\libgcc.a(_arm_muldivsf3.o)
                0x0000000008001360                __mulsf3
                0x0000000008001360                __aeabi_fmul
                0x00000000080014c8                __aeabi_fdiv
                0x00000000080014c8                __divsf3
 .text          0x0000000008001600       0xec i:/st/stm32cubeide_1.12.1/stm32cubeide/plugins/com.st.stm32cube.ide.mcu.externaltools.gnu-tools-for-stm32.10.3-2021.10.win32_1.0.200.202301161003/tools/bin/../lib/gcc/arm-none-eabi/10.3.1/thumb/v7-m/nofp\libgcc.a(_arm_cmpsf2.o)
                0x0000000008001600                __gesf2
                0x0000000008001600                __gtsf2
                0x0000000008001608                __lesf2
                0x0000000008001608                __ltsf2
                0x0000000008001610                __nesf2
                0x0000000008001610                __eqsf2
                0x0000000008001610                __cmpsf2
                0x0000000008001670                __aeabi_cfrcmple
                0x0000000008001678                __aeabi_cfcmpeq
                0x0000000008001678                __aeabi_cfcmple
                0x0000000008001688                __aeabi_fcmpeq
                0x000000000800169c                __aeabi_fcmplt
                0x00000000080016b0                __aeabi_fcmple
                0x00000000080016c4                __aeabi_fcmpge
                0x00000000080016d8                __aeabi_fcmpgt
 .text          0x00000000080016ec       0x2c i:/st/stm32cubeide_1.12.1/stm32cubeide/plugins/com.st.stm32cube.ide.mcu.externaltools.gnu-tools-for-stm32.10.3-2021.10.win32_1.0.200.202301161003/tools/bin/../lib/gcc/arm-none-eabi/10.3.1/thumb/v7-m/nofp\libgcc.a(_arm_unordsf2.o)
                0x00000000080016ec                __unordsf2
                0x00000000080016ec                __aeabi_fcmpun
 .text          0x0000000008001718       0x40 i:/st/stm32cubeide_1.12.1/stm32cubeide/plugins/com.st.stm32cube.ide.mcu.externaltools.gnu-tools-for-stm32.10.3-2021.10.win32_1.0.200.202301161003/tools/bin/../lib/gcc/arm-none-eabi/10.3.1/thumb/v7-m/nofp\libgcc.a(_arm_fixunssfsi.o)
                0x0000000008001718                __fixunssfsi
                0x0000000008001718                __aeabi_f2uiz
 *(.text*)
 .text.__NVIC_SystemReset
                0x0000000008001758       0x2c ./Core/Src/freertos.o
 .text.MPU6050_Init
                0x0000000008001784      0x10c ./Core/Src/freertos.o
                0x0000000008001784                MPU6050_Init
 .text.MPU6050_Read_Accel
                0x0000000008001890       0x74 ./Core/Src/freertos.o
                0x0000000008001890                MPU6050_Read_Accel
 .text.PowerMag
                0x0000000008001904       0x90 ./Core/Src/freertos.o
                0x0000000008001904                PowerMag
 .text.initCircularBuffer
                0x0000000008001994       0x2a ./Core/Src/freertos.o
                0x0000000008001994                initCircularBuffer
 .text.addToCircularBuffer
                0x00000000080019be       0x6c ./Core/Src/freertos.o
                0x00000000080019be                addToCircularBuffer
 .text.readFromCircularBuffer
                0x0000000008001a2a       0x52 ./Core/Src/freertos.o
                0x0000000008001a2a                readFromCircularBuffer
 .text.copyCircularBufferToArray
                0x0000000008001a7c       0x4a ./Core/Src/freertos.o
                0x0000000008001a7c                copyCircularBufferToArray
 .text.findMaxIndex
                0x0000000008001ac6       0x4a ./Core/Src/freertos.o
                0x0000000008001ac6                findMaxIndex
 .text.vApplicationStackOverflowHook
                0x0000000008001b10       0x44 ./Core/Src/freertos.o
                0x0000000008001b10                vApplicationStackOverflowHook
 .text.vApplicationMallocFailedHook
                0x0000000008001b54       0x38 ./Core/Src/freertos.o
                0x0000000008001b54                vApplicationMallocFailedHook
 .text.vApplicationGetIdleTaskMemory
                0x0000000008001b8c       0x30 ./Core/Src/freertos.o
                0x0000000008001b8c                vApplicationGetIdleTaskMemory
 .text.MX_FREERTOS_Init
                0x0000000008001bbc       0x84 ./Core/Src/freertos.o
                0x0000000008001bbc                MX_FREERTOS_Init
 .text.FFT_and_Send_Task
                0x0000000008001c40      0x1b0 ./Core/Src/freertos.o
                0x0000000008001c40                FFT_and_Send_Task
 .text.Sample_Task
                0x0000000008001df0       0xb8 ./Core/Src/freertos.o
                0x0000000008001df0                Sample_Task
 .text.MX_GPIO_Init
                0x0000000008001ea8       0x74 ./Core/Src/gpio.o
                0x0000000008001ea8                MX_GPIO_Init
 .text.MX_I2C1_Init
                0x0000000008001f1c       0x5c ./Core/Src/i2c.o
                0x0000000008001f1c                MX_I2C1_Init
 .text.MX_I2C2_Init
                0x0000000008001f78       0x5c ./Core/Src/i2c.o
                0x0000000008001f78                MX_I2C2_Init
 .text.HAL_I2C_MspInit
                0x0000000008001fd4       0xd8 ./Core/Src/i2c.o
                0x0000000008001fd4                HAL_I2C_MspInit
 .text.main     0x00000000080020ac       0x26 ./Core/Src/main.o
                0x00000000080020ac                main
 .text.SystemClock_Config
                0x00000000080020d2       0x8a ./Core/Src/main.o
                0x00000000080020d2                SystemClock_Config
 .text.HAL_TIM_PeriodElapsedCallback
                0x000000000800215c       0x1e ./Core/Src/main.o
                0x000000000800215c                HAL_TIM_PeriodElapsedCallback
 .text.Error_Handler
                0x000000000800217a        0xa ./Core/Src/main.o
                0x000000000800217a                Error_Handler
 .text.SSD1306_Init
                0x0000000008002184      0x188 ./Core/Src/ssd1306.o
                0x0000000008002184                SSD1306_Init
 .text.SSD1306_UpdateScreen
                0x000000000800230c       0x5c ./Core/Src/ssd1306.o
                0x000000000800230c                SSD1306_UpdateScreen
 .text.SSD1306_Fill
                0x0000000008002368       0x30 ./Core/Src/ssd1306.o
                0x0000000008002368                SSD1306_Fill
 .text.SSD1306_DrawPixel
                0x0000000008002398       0xbc ./Core/Src/ssd1306.o
                0x0000000008002398                SSD1306_DrawPixel
 .text.SSD1306_GotoXY
                0x0000000008002454       0x2c ./Core/Src/ssd1306.o
                0x0000000008002454                SSD1306_GotoXY
 .text.SSD1306_Putc
                0x0000000008002480      0x100 ./Core/Src/ssd1306.o
                0x0000000008002480                SSD1306_Putc
 .text.SSD1306_Puts
                0x0000000008002580       0x4a ./Core/Src/ssd1306.o
                0x0000000008002580                SSD1306_Puts
 *fill*         0x00000000080025ca        0x2 
 .text.ssd1306_I2C_Init
                0x00000000080025cc       0x28 ./Core/Src/ssd1306.o
                0x00000000080025cc                ssd1306_I2C_Init
 .text.ssd1306_I2C_WriteMulti
                0x00000000080025f4       0xcc ./Core/Src/ssd1306.o
                0x00000000080025f4                ssd1306_I2C_WriteMulti
 .text.ssd1306_I2C_Write
                0x00000000080026c0       0x3c ./Core/Src/ssd1306.o
                0x00000000080026c0                ssd1306_I2C_Write
 .text.HAL_MspInit
                0x00000000080026fc       0x50 ./Core/Src/stm32f1xx_hal_msp.o
                0x00000000080026fc                HAL_MspInit
 .text.HAL_InitTick
                0x000000000800274c       0xf8 ./Core/Src/stm32f1xx_hal_timebase_tim.o
                0x000000000800274c                HAL_InitTick
 .text.NMI_Handler
                0x0000000008002844        0x6 ./Core/Src/stm32f1xx_it.o
                0x0000000008002844                NMI_Handler
 .text.HardFault_Handler
                0x000000000800284a        0x6 ./Core/Src/stm32f1xx_it.o
                0x000000000800284a                HardFault_Handler
 .text.MemManage_Handler
                0x0000000008002850        0x6 ./Core/Src/stm32f1xx_it.o
                0x0000000008002850                MemManage_Handler
 .text.BusFault_Handler
                0x0000000008002856        0x6 ./Core/Src/stm32f1xx_it.o
                0x0000000008002856                BusFault_Handler
 .text.UsageFault_Handler
                0x000000000800285c        0x6 ./Core/Src/stm32f1xx_it.o
                0x000000000800285c                UsageFault_Handler
 .text.DebugMon_Handler
                0x0000000008002862        0xc ./Core/Src/stm32f1xx_it.o
                0x0000000008002862                DebugMon_Handler
 *fill*         0x000000000800286e        0x2 
 .text.TIM2_IRQHandler
                0x0000000008002870       0x14 ./Core/Src/stm32f1xx_it.o
                0x0000000008002870                TIM2_IRQHandler
 .text._getpid  0x0000000008002884        0xe ./Core/Src/syscalls.o
                0x0000000008002884                _getpid
 .text._kill    0x0000000008002892       0x20 ./Core/Src/syscalls.o
                0x0000000008002892                _kill
 .text._exit    0x00000000080028b2       0x14 ./Core/Src/syscalls.o
                0x00000000080028b2                _exit
 .text._read    0x00000000080028c6       0x3a ./Core/Src/syscalls.o
                0x00000000080028c6                _read
 .text._write   0x0000000008002900       0x38 ./Core/Src/syscalls.o
                0x0000000008002900                _write
 .text._close   0x0000000008002938       0x16 ./Core/Src/syscalls.o
                0x0000000008002938                _close
 .text._fstat   0x000000000800294e       0x1e ./Core/Src/syscalls.o
                0x000000000800294e                _fstat
 .text._isatty  0x000000000800296c       0x14 ./Core/Src/syscalls.o
                0x000000000800296c                _isatty
 .text._lseek   0x0000000008002980       0x18 ./Core/Src/syscalls.o
                0x0000000008002980                _lseek
 .text._sbrk    0x0000000008002998       0x6c ./Core/Src/sysmem.o
                0x0000000008002998                _sbrk
 .text.SystemInit
                0x0000000008002a04        0xc ./Core/Src/system_stm32f1xx.o
                0x0000000008002a04                SystemInit
 .text.MX_USART1_UART_Init
                0x0000000008002a10       0x54 ./Core/Src/usart.o
                0x0000000008002a10                MX_USART1_UART_Init
 .text.HAL_UART_MspInit
                0x0000000008002a64       0x98 ./Core/Src/usart.o
                0x0000000008002a64                HAL_UART_MspInit
 .text.Reset_Handler
                0x0000000008002afc       0x48 ./Core/Startup/startup_stm32f103c8tx.o
                0x0000000008002afc                Reset_Handler
 .text.Default_Handler
                0x0000000008002b44        0x2 ./Core/Startup/startup_stm32f103c8tx.o
                0x0000000008002b44                RTC_Alarm_IRQHandler
                0x0000000008002b44                EXTI2_IRQHandler
                0x0000000008002b44                TIM1_CC_IRQHandler
                0x0000000008002b44                PVD_IRQHandler
                0x0000000008002b44                EXTI3_IRQHandler
                0x0000000008002b44                EXTI0_IRQHandler
                0x0000000008002b44                I2C2_EV_IRQHandler
                0x0000000008002b44                ADC1_2_IRQHandler
                0x0000000008002b44                SPI1_IRQHandler
                0x0000000008002b44                TAMPER_IRQHandler
                0x0000000008002b44                DMA1_Channel4_IRQHandler
                0x0000000008002b44                USART3_IRQHandler
                0x0000000008002b44                RTC_IRQHandler
                0x0000000008002b44                DMA1_Channel7_IRQHandler
                0x0000000008002b44                CAN1_RX1_IRQHandler
                0x0000000008002b44                TIM4_IRQHandler
                0x0000000008002b44                I2C1_EV_IRQHandler
                0x0000000008002b44                DMA1_Channel6_IRQHandler
                0x0000000008002b44                TIM3_IRQHandler
                0x0000000008002b44                RCC_IRQHandler
                0x0000000008002b44                TIM1_TRG_COM_IRQHandler
                0x0000000008002b44                DMA1_Channel1_IRQHandler
                0x0000000008002b44                Default_Handler
                0x0000000008002b44                EXTI15_10_IRQHandler
                0x0000000008002b44                EXTI9_5_IRQHandler
                0x0000000008002b44                SPI2_IRQHandler
                0x0000000008002b44                DMA1_Channel5_IRQHandler
                0x0000000008002b44                EXTI4_IRQHandler
                0x0000000008002b44                USB_LP_CAN1_RX0_IRQHandler
                0x0000000008002b44                USB_HP_CAN1_TX_IRQHandler
                0x0000000008002b44                DMA1_Channel3_IRQHandler
                0x0000000008002b44                TIM1_UP_IRQHandler
                0x0000000008002b44                WWDG_IRQHandler
                0x0000000008002b44                TIM1_BRK_IRQHandler
                0x0000000008002b44                EXTI1_IRQHandler
                0x0000000008002b44                USART2_IRQHandler
                0x0000000008002b44                I2C2_ER_IRQHandler
                0x0000000008002b44                DMA1_Channel2_IRQHandler
                0x0000000008002b44                CAN1_SCE_IRQHandler
                0x0000000008002b44                FLASH_IRQHandler
                0x0000000008002b44                USART1_IRQHandler
                0x0000000008002b44                I2C1_ER_IRQHandler
                0x0000000008002b44                USBWakeUp_IRQHandler
 *fill*         0x0000000008002b46        0x2 
 .text.HAL_Init
                0x0000000008002b48       0x2c ./Drivers/STM32F1xx_HAL_Driver/Src/stm32f1xx_hal.o
                0x0000000008002b48                HAL_Init
 .text.HAL_IncTick
                0x0000000008002b74       0x24 ./Drivers/STM32F1xx_HAL_Driver/Src/stm32f1xx_hal.o
                0x0000000008002b74                HAL_IncTick
 .text.HAL_GetTick
                0x0000000008002b98       0x14 ./Drivers/STM32F1xx_HAL_Driver/Src/stm32f1xx_hal.o
                0x0000000008002b98                HAL_GetTick
 .text.HAL_Delay
                0x0000000008002bac       0x48 ./Drivers/STM32F1xx_HAL_Driver/Src/stm32f1xx_hal.o
                0x0000000008002bac                HAL_Delay
 .text.__NVIC_SetPriorityGrouping
                0x0000000008002bf4       0x48 ./Drivers/STM32F1xx_HAL_Driver/Src/stm32f1xx_hal_cortex.o
 .text.__NVIC_GetPriorityGrouping
                0x0000000008002c3c       0x1c ./Drivers/STM32F1xx_HAL_Driver/Src/stm32f1xx_hal_cortex.o
 .text.__NVIC_EnableIRQ
                0x0000000008002c58       0x38 ./Drivers/STM32F1xx_HAL_Driver/Src/stm32f1xx_hal_cortex.o
 .text.__NVIC_SetPriority
                0x0000000008002c90       0x54 ./Drivers/STM32F1xx_HAL_Driver/Src/stm32f1xx_hal_cortex.o
 .text.NVIC_EncodePriority
                0x0000000008002ce4       0x64 ./Drivers/STM32F1xx_HAL_Driver/Src/stm32f1xx_hal_cortex.o
 .text.HAL_NVIC_SetPriorityGrouping
                0x0000000008002d48       0x16 ./Drivers/STM32F1xx_HAL_Driver/Src/stm32f1xx_hal_cortex.o
                0x0000000008002d48                HAL_NVIC_SetPriorityGrouping
 .text.HAL_NVIC_SetPriority
                0x0000000008002d5e       0x38 ./Drivers/STM32F1xx_HAL_Driver/Src/stm32f1xx_hal_cortex.o
                0x0000000008002d5e                HAL_NVIC_SetPriority
 .text.HAL_NVIC_EnableIRQ
                0x0000000008002d96       0x1c ./Drivers/STM32F1xx_HAL_Driver/Src/stm32f1xx_hal_cortex.o
                0x0000000008002d96                HAL_NVIC_EnableIRQ
 *fill*         0x0000000008002db2        0x2 
 .text.HAL_GPIO_Init
                0x0000000008002db4      0x308 ./Drivers/STM32F1xx_HAL_Driver/Src/stm32f1xx_hal_gpio.o
                0x0000000008002db4                HAL_GPIO_Init
 .text.HAL_I2C_Init
                0x00000000080030bc      0x288 ./Drivers/STM32F1xx_HAL_Driver/Src/stm32f1xx_hal_i2c.o
                0x00000000080030bc                HAL_I2C_Init
 .text.HAL_I2C_Master_Transmit
                0x0000000008003344      0x1fc ./Drivers/STM32F1xx_HAL_Driver/Src/stm32f1xx_hal_i2c.o
                0x0000000008003344                HAL_I2C_Master_Transmit
 .text.HAL_I2C_Mem_Write
                0x0000000008003540      0x1f4 ./Drivers/STM32F1xx_HAL_Driver/Src/stm32f1xx_hal_i2c.o
                0x0000000008003540                HAL_I2C_Mem_Write
 .text.HAL_I2C_Mem_Read
                0x0000000008003734      0x4d0 ./Drivers/STM32F1xx_HAL_Driver/Src/stm32f1xx_hal_i2c.o
                0x0000000008003734                HAL_I2C_Mem_Read
 .text.HAL_I2C_IsDeviceReady
                0x0000000008003c04      0x25c ./Drivers/STM32F1xx_HAL_Driver/Src/stm32f1xx_hal_i2c.o
                0x0000000008003c04                HAL_I2C_IsDeviceReady
 .text.I2C_MasterRequestWrite
                0x0000000008003e60      0x104 ./Drivers/STM32F1xx_HAL_Driver/Src/stm32f1xx_hal_i2c.o
 .text.I2C_RequestMemoryWrite
                0x0000000008003f64      0x12c ./Drivers/STM32F1xx_HAL_Driver/Src/stm32f1xx_hal_i2c.o
 .text.I2C_RequestMemoryRead
                0x0000000008004090      0x1d0 ./Drivers/STM32F1xx_HAL_Driver/Src/stm32f1xx_hal_i2c.o
 .text.I2C_WaitOnFlagUntilTimeout
                0x0000000008004260       0xf4 ./Drivers/STM32F1xx_HAL_Driver/Src/stm32f1xx_hal_i2c.o
 .text.I2C_WaitOnMasterAddressFlagUntilTimeout
                0x0000000008004354      0x140 ./Drivers/STM32F1xx_HAL_Driver/Src/stm32f1xx_hal_i2c.o
 .text.I2C_WaitOnTXEFlagUntilTimeout
                0x0000000008004494       0x90 ./Drivers/STM32F1xx_HAL_Driver/Src/stm32f1xx_hal_i2c.o
 .text.I2C_WaitOnBTFFlagUntilTimeout
                0x0000000008004524       0x90 ./Drivers/STM32F1xx_HAL_Driver/Src/stm32f1xx_hal_i2c.o
 .text.I2C_WaitOnRXNEFlagUntilTimeout
                0x00000000080045b4       0xba ./Drivers/STM32F1xx_HAL_Driver/Src/stm32f1xx_hal_i2c.o
 .text.I2C_IsAcknowledgeFailed
                0x000000000800466e       0x5c ./Drivers/STM32F1xx_HAL_Driver/Src/stm32f1xx_hal_i2c.o
 *fill*         0x00000000080046ca        0x2 
 .text.HAL_RCC_OscConfig
                0x00000000080046cc      0x504 ./Drivers/STM32F1xx_HAL_Driver/Src/stm32f1xx_hal_rcc.o
                0x00000000080046cc                HAL_RCC_OscConfig
 .text.HAL_RCC_ClockConfig
                0x0000000008004bd0      0x1d4 ./Drivers/STM32F1xx_HAL_Driver/Src/stm32f1xx_hal_rcc.o
                0x0000000008004bd0                HAL_RCC_ClockConfig
 .text.HAL_RCC_GetSysClockFreq
                0x0000000008004da4       0xa8 ./Drivers/STM32F1xx_HAL_Driver/Src/stm32f1xx_hal_rcc.o
                0x0000000008004da4                HAL_RCC_GetSysClockFreq
 .text.HAL_RCC_GetHCLKFreq
                0x0000000008004e4c       0x14 ./Drivers/STM32F1xx_HAL_Driver/Src/stm32f1xx_hal_rcc.o
                0x0000000008004e4c                HAL_RCC_GetHCLKFreq
 .text.HAL_RCC_GetPCLK1Freq
                0x0000000008004e60       0x28 ./Drivers/STM32F1xx_HAL_Driver/Src/stm32f1xx_hal_rcc.o
                0x0000000008004e60                HAL_RCC_GetPCLK1Freq
 .text.HAL_RCC_GetPCLK2Freq
                0x0000000008004e88       0x28 ./Drivers/STM32F1xx_HAL_Driver/Src/stm32f1xx_hal_rcc.o
                0x0000000008004e88                HAL_RCC_GetPCLK2Freq
 .text.HAL_RCC_GetClockConfig
                0x0000000008004eb0       0x60 ./Drivers/STM32F1xx_HAL_Driver/Src/stm32f1xx_hal_rcc.o
                0x0000000008004eb0                HAL_RCC_GetClockConfig
 .text.RCC_Delay
                0x0000000008004f10       0x3c ./Drivers/STM32F1xx_HAL_Driver/Src/stm32f1xx_hal_rcc.o
 .text.HAL_TIM_Base_Init
                0x0000000008004f4c       0x9e ./Drivers/STM32F1xx_HAL_Driver/Src/stm32f1xx_hal_tim.o
                0x0000000008004f4c                HAL_TIM_Base_Init
 .text.HAL_TIM_Base_MspInit
                0x0000000008004fea       0x12 ./Drivers/STM32F1xx_HAL_Driver/Src/stm32f1xx_hal_tim.o
                0x0000000008004fea                HAL_TIM_Base_MspInit
 .text.HAL_TIM_Base_Start_IT
                0x0000000008004ffc       0xa4 ./Drivers/STM32F1xx_HAL_Driver/Src/stm32f1xx_hal_tim.o
                0x0000000008004ffc                HAL_TIM_Base_Start_IT
 .text.HAL_TIM_IRQHandler
                0x00000000080050a0      0x210 ./Drivers/STM32F1xx_HAL_Driver/Src/stm32f1xx_hal_tim.o
                0x00000000080050a0                HAL_TIM_IRQHandler
 .text.HAL_TIM_OC_DelayElapsedCallback
                0x00000000080052b0       0x12 ./Drivers/STM32F1xx_HAL_Driver/Src/stm32f1xx_hal_tim.o
                0x00000000080052b0                HAL_TIM_OC_DelayElapsedCallback
 .text.HAL_TIM_IC_CaptureCallback
                0x00000000080052c2       0x12 ./Drivers/STM32F1xx_HAL_Driver/Src/stm32f1xx_hal_tim.o
                0x00000000080052c2                HAL_TIM_IC_CaptureCallback
 .text.HAL_TIM_PWM_PulseFinishedCallback
                0x00000000080052d4       0x12 ./Drivers/STM32F1xx_HAL_Driver/Src/stm32f1xx_hal_tim.o
                0x00000000080052d4                HAL_TIM_PWM_PulseFinishedCallback
 .text.HAL_TIM_TriggerCallback
                0x00000000080052e6       0x12 ./Drivers/STM32F1xx_HAL_Driver/Src/stm32f1xx_hal_tim.o
                0x00000000080052e6                HAL_TIM_TriggerCallback
 .text.TIM_Base_SetConfig
                0x00000000080052f8       0xc4 ./Drivers/STM32F1xx_HAL_Driver/Src/stm32f1xx_hal_tim.o
                0x00000000080052f8                TIM_Base_SetConfig
 .text.HAL_TIMEx_CommutCallback
                0x00000000080053bc       0x12 ./Drivers/STM32F1xx_HAL_Driver/Src/stm32f1xx_hal_tim_ex.o
                0x00000000080053bc                HAL_TIMEx_CommutCallback
 .text.HAL_TIMEx_BreakCallback
                0x00000000080053ce       0x12 ./Drivers/STM32F1xx_HAL_Driver/Src/stm32f1xx_hal_tim_ex.o
                0x00000000080053ce                HAL_TIMEx_BreakCallback
 .text.HAL_UART_Init
                0x00000000080053e0       0xa0 ./Drivers/STM32F1xx_HAL_Driver/Src/stm32f1xx_hal_uart.o
                0x00000000080053e0                HAL_UART_Init
 .text.HAL_UART_Transmit
                0x0000000008005480      0x106 ./Drivers/STM32F1xx_HAL_Driver/Src/stm32f1xx_hal_uart.o
                0x0000000008005480                HAL_UART_Transmit
 .text.UART_WaitOnFlagUntilTimeout
                0x0000000008005586       0xdc ./Drivers/STM32F1xx_HAL_Driver/Src/stm32f1xx_hal_uart.o
 *fill*         0x0000000008005662        0x2 
 .text.UART_SetConfig
                0x0000000008005664      0x11c ./Drivers/STM32F1xx_HAL_Driver/Src/stm32f1xx_hal_uart.o
 .text.makeFreeRtosPriority
                0x0000000008005780       0x2e ./Middlewares/Third_Party/FreeRTOS/Source/CMSIS_RTOS/cmsis_os.o
 .text.osKernelStart
                0x00000000080057ae        0xe ./Middlewares/Third_Party/FreeRTOS/Source/CMSIS_RTOS/cmsis_os.o
                0x00000000080057ae                osKernelStart
 .text.osThreadCreate
                0x00000000080057bc       0x98 ./Middlewares/Third_Party/FreeRTOS/Source/CMSIS_RTOS/cmsis_os.o
                0x00000000080057bc                osThreadCreate
 .text.osMutexCreate
                0x0000000008005854       0x30 ./Middlewares/Third_Party/FreeRTOS/Source/CMSIS_RTOS/cmsis_os.o
                0x0000000008005854                osMutexCreate
 .text.vListInitialise
                0x0000000008005884       0x3e ./Middlewares/Third_Party/FreeRTOS/Source/list.o
                0x0000000008005884                vListInitialise
 .text.vListInitialiseItem
                0x00000000080058c2       0x18 ./Middlewares/Third_Party/FreeRTOS/Source/list.o
                0x00000000080058c2                vListInitialiseItem
 .text.vListInsertEnd
                0x00000000080058da       0x46 ./Middlewares/Third_Party/FreeRTOS/Source/list.o
                0x00000000080058da                vListInsertEnd
 .text.vListInsert
                0x0000000008005920       0x70 ./Middlewares/Third_Party/FreeRTOS/Source/list.o
                0x0000000008005920                vListInsert
 .text.uxListRemove
                0x0000000008005990       0x52 ./Middlewares/Third_Party/FreeRTOS/Source/list.o
                0x0000000008005990                uxListRemove
 *fill*         0x00000000080059e2        0x2 
 .text.xQueueGenericReset
                0x00000000080059e4       0xd0 ./Middlewares/Third_Party/FreeRTOS/Source/queue.o
                0x00000000080059e4                xQueueGenericReset
 .text.xQueueGenericCreateStatic
                0x0000000008005ab4       0xee ./Middlewares/Third_Party/FreeRTOS/Source/queue.o
                0x0000000008005ab4                xQueueGenericCreateStatic
 .text.xQueueGenericCreate
                0x0000000008005ba2       0x7c ./Middlewares/Third_Party/FreeRTOS/Source/queue.o
                0x0000000008005ba2                xQueueGenericCreate
 .text.prvInitialiseNewQueue
                0x0000000008005c1e       0x3e ./Middlewares/Third_Party/FreeRTOS/Source/queue.o
 .text.prvInitialiseMutex
                0x0000000008005c5c       0x34 ./Middlewares/Third_Party/FreeRTOS/Source/queue.o
 .text.xQueueCreateMutex
                0x0000000008005c90       0x30 ./Middlewares/Third_Party/FreeRTOS/Source/queue.o
                0x0000000008005c90                xQueueCreateMutex
 .text.xQueueCreateMutexStatic
                0x0000000008005cc0       0x36 ./Middlewares/Third_Party/FreeRTOS/Source/queue.o
                0x0000000008005cc0                xQueueCreateMutexStatic
 *fill*         0x0000000008005cf6        0x2 
 .text.xQueueGenericSend
                0x0000000008005cf8      0x1fc ./Middlewares/Third_Party/FreeRTOS/Source/queue.o
                0x0000000008005cf8                xQueueGenericSend
 .text.xQueueSemaphoreTake
                0x0000000008005ef4      0x218 ./Middlewares/Third_Party/FreeRTOS/Source/queue.o
                0x0000000008005ef4                xQueueSemaphoreTake
 .text.prvGetDisinheritPriorityAfterTimeout
                0x000000000800610c       0x2e ./Middlewares/Third_Party/FreeRTOS/Source/queue.o
 .text.prvCopyDataToQueue
                0x000000000800613a       0xd4 ./Middlewares/Third_Party/FreeRTOS/Source/queue.o
 .text.prvUnlockQueue
                0x000000000800620e       0xa4 ./Middlewares/Third_Party/FreeRTOS/Source/queue.o
 .text.prvIsQueueEmpty
                0x00000000080062b2       0x2c ./Middlewares/Third_Party/FreeRTOS/Source/queue.o
 .text.prvIsQueueFull
                0x00000000080062de       0x30 ./Middlewares/Third_Party/FreeRTOS/Source/queue.o
 .text.xTaskCreateStatic
                0x000000000800630e       0xb8 ./Middlewares/Third_Party/FreeRTOS/Source/tasks.o
                0x000000000800630e                xTaskCreateStatic
 .text.xTaskCreate
                0x00000000080063c6       0x8a ./Middlewares/Third_Party/FreeRTOS/Source/tasks.o
                0x00000000080063c6                xTaskCreate
 .text.prvInitialiseNewTask
                0x0000000008006450      0x10e ./Middlewares/Third_Party/FreeRTOS/Source/tasks.o
 *fill*         0x000000000800655e        0x2 
 .text.prvAddNewTaskToReadyList
                0x0000000008006560       0xd4 ./Middlewares/Third_Party/FreeRTOS/Source/tasks.o
 .text.vTaskDelayUntil
                0x0000000008006634       0xfc ./Middlewares/Third_Party/FreeRTOS/Source/tasks.o
                0x0000000008006634                vTaskDelayUntil
 .text.vTaskStartScheduler
                0x0000000008006730       0xc0 ./Middlewares/Third_Party/FreeRTOS/Source/tasks.o
                0x0000000008006730                vTaskStartScheduler
 .text.vTaskSuspendAll
                0x00000000080067f0       0x1c ./Middlewares/Third_Party/FreeRTOS/Source/tasks.o
                0x00000000080067f0                vTaskSuspendAll
 .text.xTaskResumeAll
                0x000000000800680c      0x138 ./Middlewares/Third_Party/FreeRTOS/Source/tasks.o
                0x000000000800680c                xTaskResumeAll
 .text.xTaskGetTickCount
                0x0000000008006944       0x1c ./Middlewares/Third_Party/FreeRTOS/Source/tasks.o
                0x0000000008006944                xTaskGetTickCount
 .text.xTaskIncrementTick
                0x0000000008006960      0x17c ./Middlewares/Third_Party/FreeRTOS/Source/tasks.o
                0x0000000008006960                xTaskIncrementTick
 .text.vTaskSwitchContext
                0x0000000008006adc      0x100 ./Middlewares/Third_Party/FreeRTOS/Source/tasks.o
                0x0000000008006adc                vTaskSwitchContext
 .text.vTaskPlaceOnEventList
                0x0000000008006bdc       0x48 ./Middlewares/Third_Party/FreeRTOS/Source/tasks.o
                0x0000000008006bdc                vTaskPlaceOnEventList
 .text.xTaskRemoveFromEventList
                0x0000000008006c24       0xc4 ./Middlewares/Third_Party/FreeRTOS/Source/tasks.o
                0x0000000008006c24                xTaskRemoveFromEventList
 .text.vTaskInternalSetTimeOutState
                0x0000000008006ce8       0x2c ./Middlewares/Third_Party/FreeRTOS/Source/tasks.o
                0x0000000008006ce8                vTaskInternalSetTimeOutState
 .text.xTaskCheckForTimeOut
                0x0000000008006d14       0xc4 ./Middlewares/Third_Party/FreeRTOS/Source/tasks.o
                0x0000000008006d14                xTaskCheckForTimeOut
 .text.vTaskMissedYield
                0x0000000008006dd8       0x18 ./Middlewares/Third_Party/FreeRTOS/Source/tasks.o
                0x0000000008006dd8                vTaskMissedYield
 .text.prvIdleTask
                0x0000000008006df0       0x30 ./Middlewares/Third_Party/FreeRTOS/Source/tasks.o
 .text.prvInitialiseTaskLists
                0x0000000008006e20       0x80 ./Middlewares/Third_Party/FreeRTOS/Source/tasks.o
 .text.prvCheckTasksWaitingTermination
                0x0000000008006ea0       0x5c ./Middlewares/Third_Party/FreeRTOS/Source/tasks.o
 .text.prvDeleteTCB
                0x0000000008006efc       0x5e ./Middlewares/Third_Party/FreeRTOS/Source/tasks.o
 *fill*         0x0000000008006f5a        0x2 
 .text.prvResetNextTaskUnblockTime
                0x0000000008006f5c       0x48 ./Middlewares/Third_Party/FreeRTOS/Source/tasks.o
 .text.xTaskGetSchedulerState
                0x0000000008006fa4       0x3c ./Middlewares/Third_Party/FreeRTOS/Source/tasks.o
                0x0000000008006fa4                xTaskGetSchedulerState
 .text.xTaskPriorityInherit
                0x0000000008006fe0      0x10c ./Middlewares/Third_Party/FreeRTOS/Source/tasks.o
                0x0000000008006fe0                xTaskPriorityInherit
 .text.xTaskPriorityDisinherit
                0x00000000080070ec      0x10c ./Middlewares/Third_Party/FreeRTOS/Source/tasks.o
                0x00000000080070ec                xTaskPriorityDisinherit
 .text.vTaskPriorityDisinheritAfterTimeout
                0x00000000080071f8      0x140 ./Middlewares/Third_Party/FreeRTOS/Source/tasks.o
                0x00000000080071f8                vTaskPriorityDisinheritAfterTimeout
 .text.pvTaskIncrementMutexHeldCount
                0x0000000008007338       0x28 ./Middlewares/Third_Party/FreeRTOS/Source/tasks.o
                0x0000000008007338                pvTaskIncrementMutexHeldCount
 .text.prvAddCurrentTaskToDelayedList
                0x0000000008007360       0xcc ./Middlewares/Third_Party/FreeRTOS/Source/tasks.o
 .text.pxPortInitialiseStack
                0x000000000800742c       0x58 ./Middlewares/Third_Party/FreeRTOS/Source/portable/GCC/ARM_CM3/port.o
                0x000000000800742c                pxPortInitialiseStack
 .text.prvTaskExitError
                0x0000000008007484       0x58 ./Middlewares/Third_Party/FreeRTOS/Source/portable/GCC/ARM_CM3/port.o
 *fill*         0x00000000080074dc        0x4 
 .text.SVC_Handler
                0x00000000080074e0       0x28 ./Middlewares/Third_Party/FreeRTOS/Source/portable/GCC/ARM_CM3/port.o
                0x00000000080074e0                SVC_Handler
 .text.prvPortStartFirstTask
                0x0000000008007508       0x20 ./Middlewares/Third_Party/FreeRTOS/Source/portable/GCC/ARM_CM3/port.o
 .text.xPortStartScheduler
                0x0000000008007528       0xe4 ./Middlewares/Third_Party/FreeRTOS/Source/portable/GCC/ARM_CM3/port.o
                0x0000000008007528                xPortStartScheduler
 .text.vPortEnterCritical
                0x000000000800760c       0x60 ./Middlewares/Third_Party/FreeRTOS/Source/portable/GCC/ARM_CM3/port.o
                0x000000000800760c                vPortEnterCritical
 .text.vPortExitCritical
                0x000000000800766c       0x50 ./Middlewares/Third_Party/FreeRTOS/Source/portable/GCC/ARM_CM3/port.o
                0x000000000800766c                vPortExitCritical
 *fill*         0x00000000080076bc        0x4 
 .text.PendSV_Handler
                0x00000000080076c0       0x48 ./Middlewares/Third_Party/FreeRTOS/Source/portable/GCC/ARM_CM3/port.o
                0x00000000080076c0                PendSV_Handler
 .text.SysTick_Handler
                0x0000000008007708       0x44 ./Middlewares/Third_Party/FreeRTOS/Source/portable/GCC/ARM_CM3/port.o
                0x0000000008007708                SysTick_Handler
 .text.vPortSetupTimerInterrupt
                0x000000000800774c       0x44 ./Middlewares/Third_Party/FreeRTOS/Source/portable/GCC/ARM_CM3/port.o
                0x000000000800774c                vPortSetupTimerInterrupt
 .text.pvPortMalloc
                0x0000000008007790      0x194 ./Middlewares/Third_Party/FreeRTOS/Source/portable/MemMang/heap_4.o
                0x0000000008007790                pvPortMalloc
 .text.vPortFree
                0x0000000008007924       0xb4 ./Middlewares/Third_Party/FreeRTOS/Source/portable/MemMang/heap_4.o
                0x0000000008007924                vPortFree
 .text.prvHeapInit
                0x00000000080079d8       0xc4 ./Middlewares/Third_Party/FreeRTOS/Source/portable/MemMang/heap_4.o
 .text.prvInsertBlockIntoFreeList
                0x0000000008007a9c       0xb0 ./Middlewares/Third_Party/FreeRTOS/Source/portable/MemMang/heap_4.o
 .text.calloc   0x0000000008007b4c       0x10 i:/st/stm32cubeide_1.12.1/stm32cubeide/plugins/com.st.stm32cube.ide.mcu.externaltools.gnu-tools-for-stm32.10.3-2021.10.win32_1.0.200.202301161003/tools/bin/../lib/gcc/arm-none-eabi/10.3.1/../../../../arm-none-eabi/lib/thumb/v7-m/nofp\libc_nano.a(lib_a-calloc.o)
                0x0000000008007b4c                calloc
 .text.__errno  0x0000000008007b5c        0xc i:/st/stm32cubeide_1.12.1/stm32cubeide/plugins/com.st.stm32cube.ide.mcu.externaltools.gnu-tools-for-stm32.10.3-2021.10.win32_1.0.200.202301161003/tools/bin/../lib/gcc/arm-none-eabi/10.3.1/../../../../arm-none-eabi/lib/thumb/v7-m/nofp\libc_nano.a(lib_a-errno.o)
                0x0000000008007b5c                __errno
 .text.__libc_init_array
                0x0000000008007b68       0x48 i:/st/stm32cubeide_1.12.1/stm32cubeide/plugins/com.st.stm32cube.ide.mcu.externaltools.gnu-tools-for-stm32.10.3-2021.10.win32_1.0.200.202301161003/tools/bin/../lib/gcc/arm-none-eabi/10.3.1/../../../../arm-none-eabi/lib/thumb/v7-m/nofp\libc_nano.a(lib_a-init.o)
                0x0000000008007b68                __libc_init_array
 .text.malloc   0x0000000008007bb0       0x10 i:/st/stm32cubeide_1.12.1/stm32cubeide/plugins/com.st.stm32cube.ide.mcu.externaltools.gnu-tools-for-stm32.10.3-2021.10.win32_1.0.200.202301161003/tools/bin/../lib/gcc/arm-none-eabi/10.3.1/../../../../arm-none-eabi/lib/thumb/v7-m/nofp\libc_nano.a(lib_a-malloc.o)
                0x0000000008007bb0                malloc
 .text.free     0x0000000008007bc0       0x10 i:/st/stm32cubeide_1.12.1/stm32cubeide/plugins/com.st.stm32cube.ide.mcu.externaltools.gnu-tools-for-stm32.10.3-2021.10.win32_1.0.200.202301161003/tools/bin/../lib/gcc/arm-none-eabi/10.3.1/../../../../arm-none-eabi/lib/thumb/v7-m/nofp\libc_nano.a(lib_a-malloc.o)
                0x0000000008007bc0                free
 .text.memcpy   0x0000000008007bd0       0x1c i:/st/stm32cubeide_1.12.1/stm32cubeide/plugins/com.st.stm32cube.ide.mcu.externaltools.gnu-tools-for-stm32.10.3-2021.10.win32_1.0.200.202301161003/tools/bin/../lib/gcc/arm-none-eabi/10.3.1/../../../../arm-none-eabi/lib/thumb/v7-m/nofp\libc_nano.a(lib_a-memcpy-stub.o)
                0x0000000008007bd0                memcpy
 .text.memset   0x0000000008007bec       0x10 i:/st/stm32cubeide_1.12.1/stm32cubeide/plugins/com.st.stm32cube.ide.mcu.externaltools.gnu-tools-for-stm32.10.3-2021.10.win32_1.0.200.202301161003/tools/bin/../lib/gcc/arm-none-eabi/10.3.1/../../../../arm-none-eabi/lib/thumb/v7-m/nofp\libc_nano.a(lib_a-memset.o)
                0x0000000008007bec                memset
 .text._calloc_r
                0x0000000008007bfc       0x28 i:/st/stm32cubeide_1.12.1/stm32cubeide/plugins/com.st.stm32cube.ide.mcu.externaltools.gnu-tools-for-stm32.10.3-2021.10.win32_1.0.200.202301161003/tools/bin/../lib/gcc/arm-none-eabi/10.3.1/../../../../arm-none-eabi/lib/thumb/v7-m/nofp\libc_nano.a(lib_a-nano-callocr.o)
                0x0000000008007bfc                _calloc_r
 .text._free_r  0x0000000008007c24       0x90 i:/st/stm32cubeide_1.12.1/stm32cubeide/plugins/com.st.stm32cube.ide.mcu.externaltools.gnu-tools-for-stm32.10.3-2021.10.win32_1.0.200.202301161003/tools/bin/../lib/gcc/arm-none-eabi/10.3.1/../../../../arm-none-eabi/lib/thumb/v7-m/nofp\libc_nano.a(lib_a-nano-freer.o)
                0x0000000008007c24                _free_r
 .text.sbrk_aligned
                0x0000000008007cb4       0x40 i:/st/stm32cubeide_1.12.1/stm32cubeide/plugins/com.st.stm32cube.ide.mcu.externaltools.gnu-tools-for-stm32.10.3-2021.10.win32_1.0.200.202301161003/tools/bin/../lib/gcc/arm-none-eabi/10.3.1/../../../../arm-none-eabi/lib/thumb/v7-m/nofp\libc_nano.a(lib_a-nano-mallocr.o)
 .text._malloc_r
                0x0000000008007cf4       0xe8 i:/st/stm32cubeide_1.12.1/stm32cubeide/plugins/com.st.stm32cube.ide.mcu.externaltools.gnu-tools-for-stm32.10.3-2021.10.win32_1.0.200.202301161003/tools/bin/../lib/gcc/arm-none-eabi/10.3.1/../../../../arm-none-eabi/lib/thumb/v7-m/nofp\libc_nano.a(lib_a-nano-mallocr.o)
                0x0000000008007cf4                _malloc_r
 .text.__cvt    0x0000000008007ddc       0xbe i:/st/stm32cubeide_1.12.1/stm32cubeide/plugins/com.st.stm32cube.ide.mcu.externaltools.gnu-tools-for-stm32.10.3-2021.10.win32_1.0.200.202301161003/tools/bin/../lib/gcc/arm-none-eabi/10.3.1/../../../../arm-none-eabi/lib/thumb/v7-m/nofp\libc_nano.a(lib_a-nano-vfprintf_float.o)
                0x0000000008007ddc                __cvt
 .text.__exponent
                0x0000000008007e9a       0x7c i:/st/stm32cubeide_1.12.1/stm32cubeide/plugins/com.st.stm32cube.ide.mcu.externaltools.gnu-tools-for-stm32.10.3-2021.10.win32_1.0.200.202301161003/tools/bin/../lib/gcc/arm-none-eabi/10.3.1/../../../../arm-none-eabi/lib/thumb/v7-m/nofp\libc_nano.a(lib_a-nano-vfprintf_float.o)
                0x0000000008007e9a                __exponent
 *fill*         0x0000000008007f16        0x2 
 .text._printf_float
                0x0000000008007f18      0x458 i:/st/stm32cubeide_1.12.1/stm32cubeide/plugins/com.st.stm32cube.ide.mcu.externaltools.gnu-tools-for-stm32.10.3-2021.10.win32_1.0.200.202301161003/tools/bin/../lib/gcc/arm-none-eabi/10.3.1/../../../../arm-none-eabi/lib/thumb/v7-m/nofp\libc_nano.a(lib_a-nano-vfprintf_float.o)
                0x0000000008007f18                _printf_float
 .text._printf_common
                0x0000000008008370       0xde i:/st/stm32cubeide_1.12.1/stm32cubeide/plugins/com.st.stm32cube.ide.mcu.externaltools.gnu-tools-for-stm32.10.3-2021.10.win32_1.0.200.202301161003/tools/bin/../lib/gcc/arm-none-eabi/10.3.1/../../../../arm-none-eabi/lib/thumb/v7-m/nofp\libc_nano.a(lib_a-nano-vfprintf_i.o)
                0x0000000008008370                _printf_common
 *fill*         0x000000000800844e        0x2 
 .text._printf_i
                0x0000000008008450      0x24c i:/st/stm32cubeide_1.12.1/stm32cubeide/plugins/com.st.stm32cube.ide.mcu.externaltools.gnu-tools-for-stm32.10.3-2021.10.win32_1.0.200.202301161003/tools/bin/../lib/gcc/arm-none-eabi/10.3.1/../../../../arm-none-eabi/lib/thumb/v7-m/nofp\libc_nano.a(lib_a-nano-vfprintf_i.o)
                0x0000000008008450                _printf_i
 .text._sbrk_r  0x000000000800869c       0x20 i:/st/stm32cubeide_1.12.1/stm32cubeide/plugins/com.st.stm32cube.ide.mcu.externaltools.gnu-tools-for-stm32.10.3-2021.10.win32_1.0.200.202301161003/tools/bin/../lib/gcc/arm-none-eabi/10.3.1/../../../../arm-none-eabi/lib/thumb/v7-m/nofp\libc_nano.a(lib_a-sbrkr.o)
                0x000000000800869c                _sbrk_r
 .text.sprintf  0x00000000080086bc       0x40 i:/st/stm32cubeide_1.12.1/stm32cubeide/plugins/com.st.stm32cube.ide.mcu.externaltools.gnu-tools-for-stm32.10.3-2021.10.win32_1.0.200.202301161003/tools/bin/../lib/gcc/arm-none-eabi/10.3.1/../../../../arm-none-eabi/lib/thumb/v7-m/nofp\libc_nano.a(lib_a-sprintf.o)
                0x00000000080086bc                siprintf
                0x00000000080086bc                sprintf
 .text.quorem   0x00000000080086fc      0x118 i:/st/stm32cubeide_1.12.1/stm32cubeide/plugins/com.st.stm32cube.ide.mcu.externaltools.gnu-tools-for-stm32.10.3-2021.10.win32_1.0.200.202301161003/tools/bin/../lib/gcc/arm-none-eabi/10.3.1/../../../../arm-none-eabi/lib/thumb/v7-m/nofp\libc_nano.a(lib_a-dtoa.o)
 *fill*         0x0000000008008814        0x4 
 .text._dtoa_r  0x0000000008008818      0xbdc i:/st/stm32cubeide_1.12.1/stm32cubeide/plugins/com.st.stm32cube.ide.mcu.externaltools.gnu-tools-for-stm32.10.3-2021.10.win32_1.0.200.202301161003/tools/bin/../lib/gcc/arm-none-eabi/10.3.1/../../../../arm-none-eabi/lib/thumb/v7-m/nofp\libc_nano.a(lib_a-dtoa.o)
                0x0000000008008818                _dtoa_r
 .text.std      0x00000000080093f4       0x48 i:/st/stm32cubeide_1.12.1/stm32cubeide/plugins/com.st.stm32cube.ide.mcu.externaltools.gnu-tools-for-stm32.10.3-2021.10.win32_1.0.200.202301161003/tools/bin/../lib/gcc/arm-none-eabi/10.3.1/../../../../arm-none-eabi/lib/thumb/v7-m/nofp\libc_nano.a(lib_a-findfp.o)
 .text._cleanup_r
                0x000000000800943c        0xc i:/st/stm32cubeide_1.12.1/stm32cubeide/plugins/com.st.stm32cube.ide.mcu.externaltools.gnu-tools-for-stm32.10.3-2021.10.win32_1.0.200.202301161003/tools/bin/../lib/gcc/arm-none-eabi/10.3.1/../../../../arm-none-eabi/lib/thumb/v7-m/nofp\libc_nano.a(lib_a-findfp.o)
                0x000000000800943c                _cleanup_r
 .text.__sfmoreglue
                0x0000000008009448       0x2c i:/st/stm32cubeide_1.12.1/stm32cubeide/plugins/com.st.stm32cube.ide.mcu.externaltools.gnu-tools-for-stm32.10.3-2021.10.win32_1.0.200.202301161003/tools/bin/../lib/gcc/arm-none-eabi/10.3.1/../../../../arm-none-eabi/lib/thumb/v7-m/nofp\libc_nano.a(lib_a-findfp.o)
                0x0000000008009448                __sfmoreglue
 .text.__sfp_lock_acquire
                0x0000000008009474        0xc i:/st/stm32cubeide_1.12.1/stm32cubeide/plugins/com.st.stm32cube.ide.mcu.externaltools.gnu-tools-for-stm32.10.3-2021.10.win32_1.0.200.202301161003/tools/bin/../lib/gcc/arm-none-eabi/10.3.1/../../../../arm-none-eabi/lib/thumb/v7-m/nofp\libc_nano.a(lib_a-findfp.o)
                0x0000000008009474                __sfp_lock_acquire
 .text.__sfp_lock_release
                0x0000000008009480        0xc i:/st/stm32cubeide_1.12.1/stm32cubeide/plugins/com.st.stm32cube.ide.mcu.externaltools.gnu-tools-for-stm32.10.3-2021.10.win32_1.0.200.202301161003/tools/bin/../lib/gcc/arm-none-eabi/10.3.1/../../../../arm-none-eabi/lib/thumb/v7-m/nofp\libc_nano.a(lib_a-findfp.o)
                0x0000000008009480                __sfp_lock_release
 .text.__sinit_lock_acquire
                0x000000000800948c        0xc i:/st/stm32cubeide_1.12.1/stm32cubeide/plugins/com.st.stm32cube.ide.mcu.externaltools.gnu-tools-for-stm32.10.3-2021.10.win32_1.0.200.202301161003/tools/bin/../lib/gcc/arm-none-eabi/10.3.1/../../../../arm-none-eabi/lib/thumb/v7-m/nofp\libc_nano.a(lib_a-findfp.o)
                0x000000000800948c                __sinit_lock_acquire
 .text.__sinit_lock_release
                0x0000000008009498        0xc i:/st/stm32cubeide_1.12.1/stm32cubeide/plugins/com.st.stm32cube.ide.mcu.externaltools.gnu-tools-for-stm32.10.3-2021.10.win32_1.0.200.202301161003/tools/bin/../lib/gcc/arm-none-eabi/10.3.1/../../../../arm-none-eabi/lib/thumb/v7-m/nofp\libc_nano.a(lib_a-findfp.o)
                0x0000000008009498                __sinit_lock_release
 .text.__sinit  0x00000000080094a4       0x70 i:/st/stm32cubeide_1.12.1/stm32cubeide/plugins/com.st.stm32cube.ide.mcu.externaltools.gnu-tools-for-stm32.10.3-2021.10.win32_1.0.200.202301161003/tools/bin/../lib/gcc/arm-none-eabi/10.3.1/../../../../arm-none-eabi/lib/thumb/v7-m/nofp\libc_nano.a(lib_a-findfp.o)
                0x00000000080094a4                __sinit
 .text.__sfp    0x0000000008009514       0x8c i:/st/stm32cubeide_1.12.1/stm32cubeide/plugins/com.st.stm32cube.ide.mcu.externaltools.gnu-tools-for-stm32.10.3-2021.10.win32_1.0.200.202301161003/tools/bin/../lib/gcc/arm-none-eabi/10.3.1/../../../../arm-none-eabi/lib/thumb/v7-m/nofp\libc_nano.a(lib_a-findfp.o)
                0x0000000008009514                __sfp
 .text._fwalk_reent
                0x00000000080095a0       0x3e i:/st/stm32cubeide_1.12.1/stm32cubeide/plugins/com.st.stm32cube.ide.mcu.externaltools.gnu-tools-for-stm32.10.3-2021.10.win32_1.0.200.202301161003/tools/bin/../lib/gcc/arm-none-eabi/10.3.1/../../../../arm-none-eabi/lib/thumb/v7-m/nofp\libc_nano.a(lib_a-fwalk.o)
                0x00000000080095a0                _fwalk_reent
 *fill*         0x00000000080095de        0x2 
 .text._localeconv_r
                0x00000000080095e0        0x8 i:/st/stm32cubeide_1.12.1/stm32cubeide/plugins/com.st.stm32cube.ide.mcu.externaltools.gnu-tools-for-stm32.10.3-2021.10.win32_1.0.200.202301161003/tools/bin/../lib/gcc/arm-none-eabi/10.3.1/../../../../arm-none-eabi/lib/thumb/v7-m/nofp\libc_nano.a(lib_a-localeconv.o)
                0x00000000080095e0                _localeconv_r
 .text.__retarget_lock_init_recursive
                0x00000000080095e8        0x2 i:/st/stm32cubeide_1.12.1/stm32cubeide/plugins/com.st.stm32cube.ide.mcu.externaltools.gnu-tools-for-stm32.10.3-2021.10.win32_1.0.200.202301161003/tools/bin/../lib/gcc/arm-none-eabi/10.3.1/../../../../arm-none-eabi/lib/thumb/v7-m/nofp\libc_nano.a(lib_a-lock.o)
                0x00000000080095e8                __retarget_lock_init_recursive
 .text.__retarget_lock_acquire_recursive
                0x00000000080095ea        0x2 i:/st/stm32cubeide_1.12.1/stm32cubeide/plugins/com.st.stm32cube.ide.mcu.externaltools.gnu-tools-for-stm32.10.3-2021.10.win32_1.0.200.202301161003/tools/bin/../lib/gcc/arm-none-eabi/10.3.1/../../../../arm-none-eabi/lib/thumb/v7-m/nofp\libc_nano.a(lib_a-lock.o)
                0x00000000080095ea                __retarget_lock_acquire_recursive
 .text.__retarget_lock_release_recursive
                0x00000000080095ec        0x2 i:/st/stm32cubeide_1.12.1/stm32cubeide/plugins/com.st.stm32cube.ide.mcu.externaltools.gnu-tools-for-stm32.10.3-2021.10.win32_1.0.200.202301161003/tools/bin/../lib/gcc/arm-none-eabi/10.3.1/../../../../arm-none-eabi/lib/thumb/v7-m/nofp\libc_nano.a(lib_a-lock.o)
                0x00000000080095ec                __retarget_lock_release_recursive
 .text.memchr   0x00000000080095ee       0x1c i:/st/stm32cubeide_1.12.1/stm32cubeide/plugins/com.st.stm32cube.ide.mcu.externaltools.gnu-tools-for-stm32.10.3-2021.10.win32_1.0.200.202301161003/tools/bin/../lib/gcc/arm-none-eabi/10.3.1/../../../../arm-none-eabi/lib/thumb/v7-m/nofp\libc_nano.a(lib_a-memchr-stub.o)
                0x00000000080095ee                memchr
 *fill*         0x000000000800960a        0x2 
 .text.__malloc_lock
                0x000000000800960c        0xc i:/st/stm32cubeide_1.12.1/stm32cubeide/plugins/com.st.stm32cube.ide.mcu.externaltools.gnu-tools-for-stm32.10.3-2021.10.win32_1.0.200.202301161003/tools/bin/../lib/gcc/arm-none-eabi/10.3.1/../../../../arm-none-eabi/lib/thumb/v7-m/nofp\libc_nano.a(lib_a-mlock.o)
                0x000000000800960c                __malloc_lock
 .text.__malloc_unlock
                0x0000000008009618        0xc i:/st/stm32cubeide_1.12.1/stm32cubeide/plugins/com.st.stm32cube.ide.mcu.externaltools.gnu-tools-for-stm32.10.3-2021.10.win32_1.0.200.202301161003/tools/bin/../lib/gcc/arm-none-eabi/10.3.1/../../../../arm-none-eabi/lib/thumb/v7-m/nofp\libc_nano.a(lib_a-mlock.o)
                0x0000000008009618                __malloc_unlock
 .text._Balloc  0x0000000008009624       0x80 i:/st/stm32cubeide_1.12.1/stm32cubeide/plugins/com.st.stm32cube.ide.mcu.externaltools.gnu-tools-for-stm32.10.3-2021.10.win32_1.0.200.202301161003/tools/bin/../lib/gcc/arm-none-eabi/10.3.1/../../../../arm-none-eabi/lib/thumb/v7-m/nofp\libc_nano.a(lib_a-mprec.o)
                0x0000000008009624                _Balloc
 .text._Bfree   0x00000000080096a4       0x44 i:/st/stm32cubeide_1.12.1/stm32cubeide/plugins/com.st.stm32cube.ide.mcu.externaltools.gnu-tools-for-stm32.10.3-2021.10.win32_1.0.200.202301161003/tools/bin/../lib/gcc/arm-none-eabi/10.3.1/../../../../arm-none-eabi/lib/thumb/v7-m/nofp\libc_nano.a(lib_a-mprec.o)
                0x00000000080096a4                _Bfree
 .text.__multadd
                0x00000000080096e8       0x8c i:/st/stm32cubeide_1.12.1/stm32cubeide/plugins/com.st.stm32cube.ide.mcu.externaltools.gnu-tools-for-stm32.10.3-2021.10.win32_1.0.200.202301161003/tools/bin/../lib/gcc/arm-none-eabi/10.3.1/../../../../arm-none-eabi/lib/thumb/v7-m/nofp\libc_nano.a(lib_a-mprec.o)
                0x00000000080096e8                __multadd
 .text.__hi0bits
                0x0000000008009774       0x40 i:/st/stm32cubeide_1.12.1/stm32cubeide/plugins/com.st.stm32cube.ide.mcu.externaltools.gnu-tools-for-stm32.10.3-2021.10.win32_1.0.200.202301161003/tools/bin/../lib/gcc/arm-none-eabi/10.3.1/../../../../arm-none-eabi/lib/thumb/v7-m/nofp\libc_nano.a(lib_a-mprec.o)
                0x0000000008009774                __hi0bits
 .text.__lo0bits
                0x00000000080097b4       0x5a i:/st/stm32cubeide_1.12.1/stm32cubeide/plugins/com.st.stm32cube.ide.mcu.externaltools.gnu-tools-for-stm32.10.3-2021.10.win32_1.0.200.202301161003/tools/bin/../lib/gcc/arm-none-eabi/10.3.1/../../../../arm-none-eabi/lib/thumb/v7-m/nofp\libc_nano.a(lib_a-mprec.o)
                0x00000000080097b4                __lo0bits
 *fill*         0x000000000800980e        0x2 
 .text.__i2b    0x0000000008009810       0x2c i:/st/stm32cubeide_1.12.1/stm32cubeide/plugins/com.st.stm32cube.ide.mcu.externaltools.gnu-tools-for-stm32.10.3-2021.10.win32_1.0.200.202301161003/tools/bin/../lib/gcc/arm-none-eabi/10.3.1/../../../../arm-none-eabi/lib/thumb/v7-m/nofp\libc_nano.a(lib_a-mprec.o)
                0x0000000008009810                __i2b
 .text.__multiply
                0x000000000800983c      0x150 i:/st/stm32cubeide_1.12.1/stm32cubeide/plugins/com.st.stm32cube.ide.mcu.externaltools.gnu-tools-for-stm32.10.3-2021.10.win32_1.0.200.202301161003/tools/bin/../lib/gcc/arm-none-eabi/10.3.1/../../../../arm-none-eabi/lib/thumb/v7-m/nofp\libc_nano.a(lib_a-mprec.o)
                0x000000000800983c                __multiply
 .text.__pow5mult
                0x000000000800998c       0xb4 i:/st/stm32cubeide_1.12.1/stm32cubeide/plugins/com.st.stm32cube.ide.mcu.externaltools.gnu-tools-for-stm32.10.3-2021.10.win32_1.0.200.202301161003/tools/bin/../lib/gcc/arm-none-eabi/10.3.1/../../../../arm-none-eabi/lib/thumb/v7-m/nofp\libc_nano.a(lib_a-mprec.o)
                0x000000000800998c                __pow5mult
 .text.__lshift
                0x0000000008009a40       0xe0 i:/st/stm32cubeide_1.12.1/stm32cubeide/plugins/com.st.stm32cube.ide.mcu.externaltools.gnu-tools-for-stm32.10.3-2021.10.win32_1.0.200.202301161003/tools/bin/../lib/gcc/arm-none-eabi/10.3.1/../../../../arm-none-eabi/lib/thumb/v7-m/nofp\libc_nano.a(lib_a-mprec.o)
                0x0000000008009a40                __lshift
 .text.__mcmp   0x0000000008009b20       0x36 i:/st/stm32cubeide_1.12.1/stm32cubeide/plugins/com.st.stm32cube.ide.mcu.externaltools.gnu-tools-for-stm32.10.3-2021.10.win32_1.0.200.202301161003/tools/bin/../lib/gcc/arm-none-eabi/10.3.1/../../../../arm-none-eabi/lib/thumb/v7-m/nofp\libc_nano.a(lib_a-mprec.o)
                0x0000000008009b20                __mcmp
 *fill*         0x0000000008009b56        0x2 
 .text.__mdiff  0x0000000008009b58      0x118 i:/st/stm32cubeide_1.12.1/stm32cubeide/plugins/com.st.stm32cube.ide.mcu.externaltools.gnu-tools-for-stm32.10.3-2021.10.win32_1.0.200.202301161003/tools/bin/../lib/gcc/arm-none-eabi/10.3.1/../../../../arm-none-eabi/lib/thumb/v7-m/nofp\libc_nano.a(lib_a-mprec.o)
                0x0000000008009b58                __mdiff
 .text.__d2b    0x0000000008009c70       0xb8 i:/st/stm32cubeide_1.12.1/stm32cubeide/plugins/com.st.stm32cube.ide.mcu.externaltools.gnu-tools-for-stm32.10.3-2021.10.win32_1.0.200.202301161003/tools/bin/../lib/gcc/arm-none-eabi/10.3.1/../../../../arm-none-eabi/lib/thumb/v7-m/nofp\libc_nano.a(lib_a-mprec.o)
                0x0000000008009c70                __d2b
 .text.__ssputs_r
                0x0000000008009d28       0xb6 i:/st/stm32cubeide_1.12.1/stm32cubeide/plugins/com.st.stm32cube.ide.mcu.externaltools.gnu-tools-for-stm32.10.3-2021.10.win32_1.0.200.202301161003/tools/bin/../lib/gcc/arm-none-eabi/10.3.1/../../../../arm-none-eabi/lib/thumb/v7-m/nofp\libc_nano.a(lib_a-nano-svfprintf.o)
                0x0000000008009d28                __ssputs_r
 *fill*         0x0000000008009dde        0x2 
 .text._svfprintf_r
                0x0000000008009de0      0x200 i:/st/stm32cubeide_1.12.1/stm32cubeide/plugins/com.st.stm32cube.ide.mcu.externaltools.gnu-tools-for-stm32.10.3-2021.10.win32_1.0.200.202301161003/tools/bin/../lib/gcc/arm-none-eabi/10.3.1/../../../../arm-none-eabi/lib/thumb/v7-m/nofp\libc_nano.a(lib_a-nano-svfprintf.o)
                0x0000000008009de0                _svfiprintf_r
                0x0000000008009de0                _svfprintf_r
 .text.__sfputc_r
                0x0000000008009fe0       0x2a i:/st/stm32cubeide_1.12.1/stm32cubeide/plugins/com.st.stm32cube.ide.mcu.externaltools.gnu-tools-for-stm32.10.3-2021.10.win32_1.0.200.202301161003/tools/bin/../lib/gcc/arm-none-eabi/10.3.1/../../../../arm-none-eabi/lib/thumb/v7-m/nofp\libc_nano.a(lib_a-nano-vfprintf.o)
 .text.__sfputs_r
                0x000000000800a00a       0x24 i:/st/stm32cubeide_1.12.1/stm32cubeide/plugins/com.st.stm32cube.ide.mcu.externaltools.gnu-tools-for-stm32.10.3-2021.10.win32_1.0.200.202301161003/tools/bin/../lib/gcc/arm-none-eabi/10.3.1/../../../../arm-none-eabi/lib/thumb/v7-m/nofp\libc_nano.a(lib_a-nano-vfprintf.o)
                0x000000000800a00a                __sfputs_r
 *fill*         0x000000000800a02e        0x2 
 .text._vfprintf_r
                0x000000000800a030      0x260 i:/st/stm32cubeide_1.12.1/stm32cubeide/plugins/com.st.stm32cube.ide.mcu.externaltools.gnu-tools-for-stm32.10.3-2021.10.win32_1.0.200.202301161003/tools/bin/../lib/gcc/arm-none-eabi/10.3.1/../../../../arm-none-eabi/lib/thumb/v7-m/nofp\libc_nano.a(lib_a-nano-vfprintf.o)
                0x000000000800a030                _vfprintf_r
                0x000000000800a030                _vfiprintf_r
 .text.__sread  0x000000000800a290       0x22 i:/st/stm32cubeide_1.12.1/stm32cubeide/plugins/com.st.stm32cube.ide.mcu.externaltools.gnu-tools-for-stm32.10.3-2021.10.win32_1.0.200.202301161003/tools/bin/../lib/gcc/arm-none-eabi/10.3.1/../../../../arm-none-eabi/lib/thumb/v7-m/nofp\libc_nano.a(lib_a-stdio.o)
                0x000000000800a290                __sread
 .text.__swrite
                0x000000000800a2b2       0x38 i:/st/stm32cubeide_1.12.1/stm32cubeide/plugins/com.st.stm32cube.ide.mcu.externaltools.gnu-tools-for-stm32.10.3-2021.10.win32_1.0.200.202301161003/tools/bin/../lib/gcc/arm-none-eabi/10.3.1/../../../../arm-none-eabi/lib/thumb/v7-m/nofp\libc_nano.a(lib_a-stdio.o)
                0x000000000800a2b2                __swrite
 .text.__sseek  0x000000000800a2ea       0x24 i:/st/stm32cubeide_1.12.1/stm32cubeide/plugins/com.st.stm32cube.ide.mcu.externaltools.gnu-tools-for-stm32.10.3-2021.10.win32_1.0.200.202301161003/tools/bin/../lib/gcc/arm-none-eabi/10.3.1/../../../../arm-none-eabi/lib/thumb/v7-m/nofp\libc_nano.a(lib_a-stdio.o)
                0x000000000800a2ea                __sseek
 .text.__sclose
                0x000000000800a30e        0x8 i:/st/stm32cubeide_1.12.1/stm32cubeide/plugins/com.st.stm32cube.ide.mcu.externaltools.gnu-tools-for-stm32.10.3-2021.10.win32_1.0.200.202301161003/tools/bin/../lib/gcc/arm-none-eabi/10.3.1/../../../../arm-none-eabi/lib/thumb/v7-m/nofp\libc_nano.a(lib_a-stdio.o)
                0x000000000800a30e                __sclose
 *fill*         0x000000000800a316        0x2 
 .text.__swbuf_r
                0x000000000800a318       0xa4 i:/st/stm32cubeide_1.12.1/stm32cubeide/plugins/com.st.stm32cube.ide.mcu.externaltools.gnu-tools-for-stm32.10.3-2021.10.win32_1.0.200.202301161003/tools/bin/../lib/gcc/arm-none-eabi/10.3.1/../../../../arm-none-eabi/lib/thumb/v7-m/nofp\libc_nano.a(lib_a-wbuf.o)
                0x000000000800a318                __swbuf_r
 .text._write_r
                0x000000000800a3bc       0x24 i:/st/stm32cubeide_1.12.1/stm32cubeide/plugins/com.st.stm32cube.ide.mcu.externaltools.gnu-tools-for-stm32.10.3-2021.10.win32_1.0.200.202301161003/tools/bin/../lib/gcc/arm-none-eabi/10.3.1/../../../../arm-none-eabi/lib/thumb/v7-m/nofp\libc_nano.a(lib_a-writer.o)
                0x000000000800a3bc                _write_r
 .text.__swsetup_r
                0x000000000800a3e0       0xdc i:/st/stm32cubeide_1.12.1/stm32cubeide/plugins/com.st.stm32cube.ide.mcu.externaltools.gnu-tools-for-stm32.10.3-2021.10.win32_1.0.200.202301161003/tools/bin/../lib/gcc/arm-none-eabi/10.3.1/../../../../arm-none-eabi/lib/thumb/v7-m/nofp\libc_nano.a(lib_a-wsetup.o)
                0x000000000800a3e0                __swsetup_r
 .text.__assert_func
                0x000000000800a4bc       0x3c i:/st/stm32cubeide_1.12.1/stm32cubeide/plugins/com.st.stm32cube.ide.mcu.externaltools.gnu-tools-for-stm32.10.3-2021.10.win32_1.0.200.202301161003/tools/bin/../lib/gcc/arm-none-eabi/10.3.1/../../../../arm-none-eabi/lib/thumb/v7-m/nofp\libc_nano.a(lib_a-assert.o)
                0x000000000800a4bc                __assert_func
 .text._close_r
                0x000000000800a4f8       0x20 i:/st/stm32cubeide_1.12.1/stm32cubeide/plugins/com.st.stm32cube.ide.mcu.externaltools.gnu-tools-for-stm32.10.3-2021.10.win32_1.0.200.202301161003/tools/bin/../lib/gcc/arm-none-eabi/10.3.1/../../../../arm-none-eabi/lib/thumb/v7-m/nofp\libc_nano.a(lib_a-closer.o)
                0x000000000800a4f8                _close_r
 .text.__sflush_r
                0x000000000800a518      0x104 i:/st/stm32cubeide_1.12.1/stm32cubeide/plugins/com.st.stm32cube.ide.mcu.externaltools.gnu-tools-for-stm32.10.3-2021.10.win32_1.0.200.202301161003/tools/bin/../lib/gcc/arm-none-eabi/10.3.1/../../../../arm-none-eabi/lib/thumb/v7-m/nofp\libc_nano.a(lib_a-fflush.o)
                0x000000000800a518                __sflush_r
 .text._fflush_r
                0x000000000800a61c       0x78 i:/st/stm32cubeide_1.12.1/stm32cubeide/plugins/com.st.stm32cube.ide.mcu.externaltools.gnu-tools-for-stm32.10.3-2021.10.win32_1.0.200.202301161003/tools/bin/../lib/gcc/arm-none-eabi/10.3.1/../../../../arm-none-eabi/lib/thumb/v7-m/nofp\libc_nano.a(lib_a-fflush.o)
                0x000000000800a61c                _fflush_r
 .text.fprintf  0x000000000800a694       0x24 i:/st/stm32cubeide_1.12.1/stm32cubeide/plugins/com.st.stm32cube.ide.mcu.externaltools.gnu-tools-for-stm32.10.3-2021.10.win32_1.0.200.202301161003/tools/bin/../lib/gcc/arm-none-eabi/10.3.1/../../../../arm-none-eabi/lib/thumb/v7-m/nofp\libc_nano.a(lib_a-fprintf.o)
                0x000000000800a694                fiprintf
                0x000000000800a694                fprintf
 .text._lseek_r
                0x000000000800a6b8       0x24 i:/st/stm32cubeide_1.12.1/stm32cubeide/plugins/com.st.stm32cube.ide.mcu.externaltools.gnu-tools-for-stm32.10.3-2021.10.win32_1.0.200.202301161003/tools/bin/../lib/gcc/arm-none-eabi/10.3.1/../../../../arm-none-eabi/lib/thumb/v7-m/nofp\libc_nano.a(lib_a-lseekr.o)
                0x000000000800a6b8                _lseek_r
 .text.__swhatbuf_r
                0x000000000800a6dc       0x4a i:/st/stm32cubeide_1.12.1/stm32cubeide/plugins/com.st.stm32cube.ide.mcu.externaltools.gnu-tools-for-stm32.10.3-2021.10.win32_1.0.200.202301161003/tools/bin/../lib/gcc/arm-none-eabi/10.3.1/../../../../arm-none-eabi/lib/thumb/v7-m/nofp\libc_nano.a(lib_a-makebuf.o)
                0x000000000800a6dc                __swhatbuf_r
 *fill*         0x000000000800a726        0x2 
 .text.__smakebuf_r
                0x000000000800a728       0x80 i:/st/stm32cubeide_1.12.1/stm32cubeide/plugins/com.st.stm32cube.ide.mcu.externaltools.gnu-tools-for-stm32.10.3-2021.10.win32_1.0.200.202301161003/tools/bin/../lib/gcc/arm-none-eabi/10.3.1/../../../../arm-none-eabi/lib/thumb/v7-m/nofp\libc_nano.a(lib_a-makebuf.o)
                0x000000000800a728                __smakebuf_r
 .text.__ascii_mbtowc
                0x000000000800a7a8       0x24 i:/st/stm32cubeide_1.12.1/stm32cubeide/plugins/com.st.stm32cube.ide.mcu.externaltools.gnu-tools-for-stm32.10.3-2021.10.win32_1.0.200.202301161003/tools/bin/../lib/gcc/arm-none-eabi/10.3.1/../../../../arm-none-eabi/lib/thumb/v7-m/nofp\libc_nano.a(lib_a-mbtowc_r.o)
                0x000000000800a7a8                __ascii_mbtowc
 .text.memmove  0x000000000800a7cc       0x34 i:/st/stm32cubeide_1.12.1/stm32cubeide/plugins/com.st.stm32cube.ide.mcu.externaltools.gnu-tools-for-stm32.10.3-2021.10.win32_1.0.200.202301161003/tools/bin/../lib/gcc/arm-none-eabi/10.3.1/../../../../arm-none-eabi/lib/thumb/v7-m/nofp\libc_nano.a(lib_a-memmove.o)
                0x000000000800a7cc                memmove
 .text._realloc_r
                0x000000000800a800       0x5e i:/st/stm32cubeide_1.12.1/stm32cubeide/plugins/com.st.stm32cube.ide.mcu.externaltools.gnu-tools-for-stm32.10.3-2021.10.win32_1.0.200.202301161003/tools/bin/../lib/gcc/arm-none-eabi/10.3.1/../../../../arm-none-eabi/lib/thumb/v7-m/nofp\libc_nano.a(lib_a-nano-reallocr.o)
                0x000000000800a800                _realloc_r
 *fill*         0x000000000800a85e        0x2 
 .text._read_r  0x000000000800a860       0x24 i:/st/stm32cubeide_1.12.1/stm32cubeide/plugins/com.st.stm32cube.ide.mcu.externaltools.gnu-tools-for-stm32.10.3-2021.10.win32_1.0.200.202301161003/tools/bin/../lib/gcc/arm-none-eabi/10.3.1/../../../../arm-none-eabi/lib/thumb/v7-m/nofp\libc_nano.a(lib_a-readr.o)
                0x000000000800a860                _read_r
 .text.__ascii_wctomb
                0x000000000800a884       0x1a i:/st/stm32cubeide_1.12.1/stm32cubeide/plugins/com.st.stm32cube.ide.mcu.externaltools.gnu-tools-for-stm32.10.3-2021.10.win32_1.0.200.202301161003/tools/bin/../lib/gcc/arm-none-eabi/10.3.1/../../../../arm-none-eabi/lib/thumb/v7-m/nofp\libc_nano.a(lib_a-wctomb_r.o)
                0x000000000800a884                __ascii_wctomb
 .text.abort    0x000000000800a89e        0xe i:/st/stm32cubeide_1.12.1/stm32cubeide/plugins/com.st.stm32cube.ide.mcu.externaltools.gnu-tools-for-stm32.10.3-2021.10.win32_1.0.200.202301161003/tools/bin/../lib/gcc/arm-none-eabi/10.3.1/../../../../arm-none-eabi/lib/thumb/v7-m/nofp\libc_nano.a(lib_a-abort.o)
                0x000000000800a89e                abort
 .text._fstat_r
                0x000000000800a8ac       0x24 i:/st/stm32cubeide_1.12.1/stm32cubeide/plugins/com.st.stm32cube.ide.mcu.externaltools.gnu-tools-for-stm32.10.3-2021.10.win32_1.0.200.202301161003/tools/bin/../lib/gcc/arm-none-eabi/10.3.1/../../../../arm-none-eabi/lib/thumb/v7-m/nofp\libc_nano.a(lib_a-fstatr.o)
                0x000000000800a8ac                _fstat_r
 .text._isatty_r
                0x000000000800a8d0       0x20 i:/st/stm32cubeide_1.12.1/stm32cubeide/plugins/com.st.stm32cube.ide.mcu.externaltools.gnu-tools-for-stm32.10.3-2021.10.win32_1.0.200.202301161003/tools/bin/../lib/gcc/arm-none-eabi/10.3.1/../../../../arm-none-eabi/lib/thumb/v7-m/nofp\libc_nano.a(lib_a-isattyr.o)
                0x000000000800a8d0                _isatty_r
 .text._malloc_usable_size_r
                0x000000000800a8f0       0x10 i:/st/stm32cubeide_1.12.1/stm32cubeide/plugins/com.st.stm32cube.ide.mcu.externaltools.gnu-tools-for-stm32.10.3-2021.10.win32_1.0.200.202301161003/tools/bin/../lib/gcc/arm-none-eabi/10.3.1/../../../../arm-none-eabi/lib/thumb/v7-m/nofp\libc_nano.a(lib_a-nano-msizer.o)
                0x000000000800a8f0                _malloc_usable_size_r
 .text._raise_r
                0x000000000800a900       0x50 i:/st/stm32cubeide_1.12.1/stm32cubeide/plugins/com.st.stm32cube.ide.mcu.externaltools.gnu-tools-for-stm32.10.3-2021.10.win32_1.0.200.202301161003/tools/bin/../lib/gcc/arm-none-eabi/10.3.1/../../../../arm-none-eabi/lib/thumb/v7-m/nofp\libc_nano.a(lib_a-signal.o)
                0x000000000800a900                _raise_r
 .text.raise    0x000000000800a950       0x10 i:/st/stm32cubeide_1.12.1/stm32cubeide/plugins/com.st.stm32cube.ide.mcu.externaltools.gnu-tools-for-stm32.10.3-2021.10.win32_1.0.200.202301161003/tools/bin/../lib/gcc/arm-none-eabi/10.3.1/../../../../arm-none-eabi/lib/thumb/v7-m/nofp\libc_nano.a(lib_a-signal.o)
                0x000000000800a950                raise
 .text._kill_r  0x000000000800a960       0x24 i:/st/stm32cubeide_1.12.1/stm32cubeide/plugins/com.st.stm32cube.ide.mcu.externaltools.gnu-tools-for-stm32.10.3-2021.10.win32_1.0.200.202301161003/tools/bin/../lib/gcc/arm-none-eabi/10.3.1/../../../../arm-none-eabi/lib/thumb/v7-m/nofp\libc_nano.a(lib_a-signalr.o)
                0x000000000800a960                _kill_r
 .text._getpid_r
                0x000000000800a984        0x4 i:/st/stm32cubeide_1.12.1/stm32cubeide/plugins/com.st.stm32cube.ide.mcu.externaltools.gnu-tools-for-stm32.10.3-2021.10.win32_1.0.200.202301161003/tools/bin/../lib/gcc/arm-none-eabi/10.3.1/../../../../arm-none-eabi/lib/thumb/v7-m/nofp\libc_nano.a(lib_a-signalr.o)
                0x000000000800a984                _getpid_r
 .text.sqrt     0x000000000800a988       0x48 i:/st/stm32cubeide_1.12.1/stm32cubeide/plugins/com.st.stm32cube.ide.mcu.externaltools.gnu-tools-for-stm32.10.3-2021.10.win32_1.0.200.202301161003/tools/bin/../lib/gcc/arm-none-eabi/10.3.1/../../../../arm-none-eabi/lib/thumb/v7-m/nofp\libm.a(lib_a-w_sqrt.o)
                0x000000000800a988                sqrt
 .text.sqrtf    0x000000000800a9d0       0x34 i:/st/stm32cubeide_1.12.1/stm32cubeide/plugins/com.st.stm32cube.ide.mcu.externaltools.gnu-tools-for-stm32.10.3-2021.10.win32_1.0.200.202301161003/tools/bin/../lib/gcc/arm-none-eabi/10.3.1/../../../../arm-none-eabi/lib/thumb/v7-m/nofp\libm.a(lib_a-wf_sqrt.o)
                0x000000000800a9d0                sqrtf
 .text.__ieee754_sqrt
                0x000000000800aa04      0x160 i:/st/stm32cubeide_1.12.1/stm32cubeide/plugins/com.st.stm32cube.ide.mcu.externaltools.gnu-tools-for-stm32.10.3-2021.10.win32_1.0.200.202301161003/tools/bin/../lib/gcc/arm-none-eabi/10.3.1/../../../../arm-none-eabi/lib/thumb/v7-m/nofp\libm.a(lib_a-e_sqrt.o)
                0x000000000800aa04                __ieee754_sqrt
 .text.__ieee754_sqrtf
                0x000000000800ab64       0xa2 i:/st/stm32cubeide_1.12.1/stm32cubeide/plugins/com.st.stm32cube.ide.mcu.externaltools.gnu-tools-for-stm32.10.3-2021.10.win32_1.0.200.202301161003/tools/bin/../lib/gcc/arm-none-eabi/10.3.1/../../../../arm-none-eabi/lib/thumb/v7-m/nofp\libm.a(lib_a-ef_sqrt.o)
                0x000000000800ab64                __ieee754_sqrtf
 *(.glue_7)
 .glue_7        0x000000000800ac06        0x0 linker stubs
 *(.glue_7t)
 .glue_7t       0x000000000800ac06        0x0 linker stubs
 *(.eh_frame)
 *fill*         0x000000000800ac06        0x2 
 .eh_frame      0x000000000800ac08        0x0 i:/st/stm32cubeide_1.12.1/stm32cubeide/plugins/com.st.stm32cube.ide.mcu.externaltools.gnu-tools-for-stm32.10.3-2021.10.win32_1.0.200.202301161003/tools/bin/../lib/gcc/arm-none-eabi/10.3.1/thumb/v7-m/nofp/crtbegin.o
 *(.init)
 .init          0x000000000800ac08        0x4 i:/st/stm32cubeide_1.12.1/stm32cubeide/plugins/com.st.stm32cube.ide.mcu.externaltools.gnu-tools-for-stm32.10.3-2021.10.win32_1.0.200.202301161003/tools/bin/../lib/gcc/arm-none-eabi/10.3.1/thumb/v7-m/nofp/crti.o
                0x000000000800ac08                _init
 .init          0x000000000800ac0c        0x8 i:/st/stm32cubeide_1.12.1/stm32cubeide/plugins/com.st.stm32cube.ide.mcu.externaltools.gnu-tools-for-stm32.10.3-2021.10.win32_1.0.200.202301161003/tools/bin/../lib/gcc/arm-none-eabi/10.3.1/thumb/v7-m/nofp/crtn.o
 *(.fini)
 .fini          0x000000000800ac14        0x4 i:/st/stm32cubeide_1.12.1/stm32cubeide/plugins/com.st.stm32cube.ide.mcu.externaltools.gnu-tools-for-stm32.10.3-2021.10.win32_1.0.200.202301161003/tools/bin/../lib/gcc/arm-none-eabi/10.3.1/thumb/v7-m/nofp/crti.o
                0x000000000800ac14                _fini
 .fini          0x000000000800ac18        0x8 i:/st/stm32cubeide_1.12.1/stm32cubeide/plugins/com.st.stm32cube.ide.mcu.externaltools.gnu-tools-for-stm32.10.3-2021.10.win32_1.0.200.202301161003/tools/bin/../lib/gcc/arm-none-eabi/10.3.1/thumb/v7-m/nofp/crtn.o
                0x000000000800ac20                . = ALIGN (0x4)
                0x000000000800ac20                _etext = .

.vfp11_veneer   0x000000000800ac20        0x0
 .vfp11_veneer  0x000000000800ac20        0x0 linker stubs

.v4_bx          0x000000000800ac20        0x0
 .v4_bx         0x000000000800ac20        0x0 linker stubs

.iplt           0x000000000800ac20        0x0
 .iplt          0x000000000800ac20        0x0 i:/st/stm32cubeide_1.12.1/stm32cubeide/plugins/com.st.stm32cube.ide.mcu.externaltools.gnu-tools-for-stm32.10.3-2021.10.win32_1.0.200.202301161003/tools/bin/../lib/gcc/arm-none-eabi/10.3.1/thumb/v7-m/nofp/crtbegin.o

.rodata         0x000000000800ac20     0x1274
                0x000000000800ac20                . = ALIGN (0x4)
 *(.rodata)
 .rodata        0x000000000800ac20      0x10c ./Core/Src/freertos.o
 .rodata        0x000000000800ad2c        0x5 ./Middlewares/Third_Party/FreeRTOS/Source/tasks.o
 *(.rodata*)
 *fill*         0x000000000800ad31        0x3 
 .rodata.Font11x18
                0x000000000800ad34      0xd5c ./Core/Src/fonts.o
                0x000000000800ad34                Font11x18
 .rodata.AHBPrescTable
                0x000000000800ba90       0x10 ./Core/Src/system_stm32f1xx.o
                0x000000000800ba90                AHBPrescTable
 .rodata.APBPrescTable
                0x000000000800baa0        0x8 ./Core/Src/system_stm32f1xx.o
                0x000000000800baa0                APBPrescTable
 .rodata.aPLLMULFactorTable.1
                0x000000000800baa8       0x10 ./Drivers/STM32F1xx_HAL_Driver/Src/stm32f1xx_hal_rcc.o
 .rodata.aPredivFactorTable.0
                0x000000000800bab8        0x2 ./Drivers/STM32F1xx_HAL_Driver/Src/stm32f1xx_hal_rcc.o
 *fill*         0x000000000800baba        0x2 
 .rodata._global_impure_ptr
                0x000000000800babc        0x4 i:/st/stm32cubeide_1.12.1/stm32cubeide/plugins/com.st.stm32cube.ide.mcu.externaltools.gnu-tools-for-stm32.10.3-2021.10.win32_1.0.200.202301161003/tools/bin/../lib/gcc/arm-none-eabi/10.3.1/../../../../arm-none-eabi/lib/thumb/v7-m/nofp\libc_nano.a(lib_a-impure.o)
                0x000000000800babc                _global_impure_ptr
 .rodata._printf_float.str1.1
                0x000000000800bac0       0x12 i:/st/stm32cubeide_1.12.1/stm32cubeide/plugins/com.st.stm32cube.ide.mcu.externaltools.gnu-tools-for-stm32.10.3-2021.10.win32_1.0.200.202301161003/tools/bin/../lib/gcc/arm-none-eabi/10.3.1/../../../../arm-none-eabi/lib/thumb/v7-m/nofp\libc_nano.a(lib_a-nano-vfprintf_float.o)
 .rodata._printf_i.str1.1
                0x000000000800bad2       0x22 i:/st/stm32cubeide_1.12.1/stm32cubeide/plugins/com.st.stm32cube.ide.mcu.externaltools.gnu-tools-for-stm32.10.3-2021.10.win32_1.0.200.202301161003/tools/bin/../lib/gcc/arm-none-eabi/10.3.1/../../../../arm-none-eabi/lib/thumb/v7-m/nofp\libc_nano.a(lib_a-nano-vfprintf_i.o)
 .rodata._dtoa_r.str1.1
                0x000000000800baf4       0x90 i:/st/stm32cubeide_1.12.1/stm32cubeide/plugins/com.st.stm32cube.ide.mcu.externaltools.gnu-tools-for-stm32.10.3-2021.10.win32_1.0.200.202301161003/tools/bin/../lib/gcc/arm-none-eabi/10.3.1/../../../../arm-none-eabi/lib/thumb/v7-m/nofp\libc_nano.a(lib_a-dtoa.o)
                                         0x92 (size before relaxing)
 .rodata.__sf_fake_stderr
                0x000000000800bb84       0x20 i:/st/stm32cubeide_1.12.1/stm32cubeide/plugins/com.st.stm32cube.ide.mcu.externaltools.gnu-tools-for-stm32.10.3-2021.10.win32_1.0.200.202301161003/tools/bin/../lib/gcc/arm-none-eabi/10.3.1/../../../../arm-none-eabi/lib/thumb/v7-m/nofp\libc_nano.a(lib_a-findfp.o)
                0x000000000800bb84                __sf_fake_stderr
 .rodata.__sf_fake_stdin
                0x000000000800bba4       0x20 i:/st/stm32cubeide_1.12.1/stm32cubeide/plugins/com.st.stm32cube.ide.mcu.externaltools.gnu-tools-for-stm32.10.3-2021.10.win32_1.0.200.202301161003/tools/bin/../lib/gcc/arm-none-eabi/10.3.1/../../../../arm-none-eabi/lib/thumb/v7-m/nofp\libc_nano.a(lib_a-findfp.o)
                0x000000000800bba4                __sf_fake_stdin
 .rodata.__sf_fake_stdout
                0x000000000800bbc4       0x20 i:/st/stm32cubeide_1.12.1/stm32cubeide/plugins/com.st.stm32cube.ide.mcu.externaltools.gnu-tools-for-stm32.10.3-2021.10.win32_1.0.200.202301161003/tools/bin/../lib/gcc/arm-none-eabi/10.3.1/../../../../arm-none-eabi/lib/thumb/v7-m/nofp\libc_nano.a(lib_a-findfp.o)
                0x000000000800bbc4                __sf_fake_stdout
 .rodata._Balloc.str1.1
                0x000000000800bbe4       0x5c i:/st/stm32cubeide_1.12.1/stm32cubeide/plugins/com.st.stm32cube.ide.mcu.externaltools.gnu-tools-for-stm32.10.3-2021.10.win32_1.0.200.202301161003/tools/bin/../lib/gcc/arm-none-eabi/10.3.1/../../../../arm-none-eabi/lib/thumb/v7-m/nofp\libc_nano.a(lib_a-mprec.o)
                                         0x73 (size before relaxing)
 .rodata.__multadd.str1.1
                0x000000000800bc40       0x11 i:/st/stm32cubeide_1.12.1/stm32cubeide/plugins/com.st.stm32cube.ide.mcu.externaltools.gnu-tools-for-stm32.10.3-2021.10.win32_1.0.200.202301161003/tools/bin/../lib/gcc/arm-none-eabi/10.3.1/../../../../arm-none-eabi/lib/thumb/v7-m/nofp\libc_nano.a(lib_a-mprec.o)
 .rodata.__mprec_bigtens
                0x000000000800bc40       0x28 i:/st/stm32cubeide_1.12.1/stm32cubeide/plugins/com.st.stm32cube.ide.mcu.externaltools.gnu-tools-for-stm32.10.3-2021.10.win32_1.0.200.202301161003/tools/bin/../lib/gcc/arm-none-eabi/10.3.1/../../../../arm-none-eabi/lib/thumb/v7-m/nofp\libc_nano.a(lib_a-mprec.o)
                0x000000000800bc40                __mprec_bigtens
 .rodata.__mprec_tens
                0x000000000800bc68       0xc8 i:/st/stm32cubeide_1.12.1/stm32cubeide/plugins/com.st.stm32cube.ide.mcu.externaltools.gnu-tools-for-stm32.10.3-2021.10.win32_1.0.200.202301161003/tools/bin/../lib/gcc/arm-none-eabi/10.3.1/../../../../arm-none-eabi/lib/thumb/v7-m/nofp\libc_nano.a(lib_a-mprec.o)
                0x000000000800bc68                __mprec_tens
 .rodata.p05.0  0x000000000800bd30        0xc i:/st/stm32cubeide_1.12.1/stm32cubeide/plugins/com.st.stm32cube.ide.mcu.externaltools.gnu-tools-for-stm32.10.3-2021.10.win32_1.0.200.202301161003/tools/bin/../lib/gcc/arm-none-eabi/10.3.1/../../../../arm-none-eabi/lib/thumb/v7-m/nofp\libc_nano.a(lib_a-mprec.o)
 .rodata._svfprintf_r.str1.1
                0x000000000800bd3c       0x11 i:/st/stm32cubeide_1.12.1/stm32cubeide/plugins/com.st.stm32cube.ide.mcu.externaltools.gnu-tools-for-stm32.10.3-2021.10.win32_1.0.200.202301161003/tools/bin/../lib/gcc/arm-none-eabi/10.3.1/../../../../arm-none-eabi/lib/thumb/v7-m/nofp\libc_nano.a(lib_a-nano-svfprintf.o)
 .rodata._vfprintf_r.str1.1
                0x000000000800bd4d       0x11 i:/st/stm32cubeide_1.12.1/stm32cubeide/plugins/com.st.stm32cube.ide.mcu.externaltools.gnu-tools-for-stm32.10.3-2021.10.win32_1.0.200.202301161003/tools/bin/../lib/gcc/arm-none-eabi/10.3.1/../../../../arm-none-eabi/lib/thumb/v7-m/nofp\libc_nano.a(lib_a-nano-vfprintf.o)
 .rodata.__assert_func.str1.1
                0x000000000800bd4d       0x3c i:/st/stm32cubeide_1.12.1/stm32cubeide/plugins/com.st.stm32cube.ide.mcu.externaltools.gnu-tools-for-stm32.10.3-2021.10.win32_1.0.200.202301161003/tools/bin/../lib/gcc/arm-none-eabi/10.3.1/../../../../arm-none-eabi/lib/thumb/v7-m/nofp\libc_nano.a(lib_a-assert.o)
                                         0x3d (size before relaxing)
 .rodata._setlocale_r.str1.1
                0x000000000800bd89        0x8 i:/st/stm32cubeide_1.12.1/stm32cubeide/plugins/com.st.stm32cube.ide.mcu.externaltools.gnu-tools-for-stm32.10.3-2021.10.win32_1.0.200.202301161003/tools/bin/../lib/gcc/arm-none-eabi/10.3.1/../../../../arm-none-eabi/lib/thumb/v7-m/nofp\libc_nano.a(lib_a-locale.o)
                                          0x9 (size before relaxing)
 .rodata.str1.1
                0x000000000800bd91        0x2 i:/st/stm32cubeide_1.12.1/stm32cubeide/plugins/com.st.stm32cube.ide.mcu.externaltools.gnu-tools-for-stm32.10.3-2021.10.win32_1.0.200.202301161003/tools/bin/../lib/gcc/arm-none-eabi/10.3.1/../../../../arm-none-eabi/lib/thumb/v7-m/nofp\libc_nano.a(lib_a-locale.o)
 .rodata._ctype_
                0x000000000800bd93      0x101 i:/st/stm32cubeide_1.12.1/stm32cubeide/plugins/com.st.stm32cube.ide.mcu.externaltools.gnu-tools-for-stm32.10.3-2021.10.win32_1.0.200.202301161003/tools/bin/../lib/gcc/arm-none-eabi/10.3.1/../../../../arm-none-eabi/lib/thumb/v7-m/nofp\libc_nano.a(lib_a-ctype_.o)
                0x000000000800bd93                _ctype_
                0x000000000800be94                . = ALIGN (0x4)

.rel.dyn        0x000000000800be94        0x0
 .rel.iplt      0x000000000800be94        0x0 i:/st/stm32cubeide_1.12.1/stm32cubeide/plugins/com.st.stm32cube.ide.mcu.externaltools.gnu-tools-for-stm32.10.3-2021.10.win32_1.0.200.202301161003/tools/bin/../lib/gcc/arm-none-eabi/10.3.1/thumb/v7-m/nofp/crtbegin.o

.ARM.extab      0x000000000800be94        0x0
                0x000000000800be94                . = ALIGN (0x4)
 *(.ARM.extab* .gnu.linkonce.armextab.*)
                0x000000000800be94                . = ALIGN (0x4)

.ARM            0x000000000800be94        0x0
                0x000000000800be94                . = ALIGN (0x4)
                0x000000000800be94                __exidx_start = .
 *(.ARM.exidx*)
                0x000000000800be94                __exidx_end = .
                0x000000000800be94                . = ALIGN (0x4)

.preinit_array  0x000000000800be94        0x0
                0x000000000800be94                . = ALIGN (0x4)
                0x000000000800be94                PROVIDE (__preinit_array_start = .)
 *(.preinit_array*)
                0x000000000800be94                PROVIDE (__preinit_array_end = .)
                0x000000000800be94                . = ALIGN (0x4)

.init_array     0x000000000800be94        0x4
                0x000000000800be94                . = ALIGN (0x4)
                0x000000000800be94                PROVIDE (__init_array_start = .)
 *(SORT_BY_NAME(.init_array.*))
 *(.init_array*)
 .init_array    0x000000000800be94        0x4 i:/st/stm32cubeide_1.12.1/stm32cubeide/plugins/com.st.stm32cube.ide.mcu.externaltools.gnu-tools-for-stm32.10.3-2021.10.win32_1.0.200.202301161003/tools/bin/../lib/gcc/arm-none-eabi/10.3.1/thumb/v7-m/nofp/crtbegin.o
                0x000000000800be98                PROVIDE (__init_array_end = .)
                0x000000000800be98                . = ALIGN (0x4)

.fini_array     0x000000000800be98        0x4
                0x000000000800be98                . = ALIGN (0x4)
                [!provide]                        PROVIDE (__fini_array_start = .)
 *(SORT_BY_NAME(.fini_array.*))
 *(.fini_array*)